******************************************************************************
             TMS320C2000 Linker PC v20.2.1                     
******************************************************************************
>> Linked Wed Feb  1 17:33:33 2023

OUTPUT FILE NAME:   <../motorkitc2000_HW1.out>
ENTRY POINT SYMBOL: "_c_int00"  address: 00083f15


MEMORY CONFIGURATION

         name            origin    length      used     unused   attr    fill
----------------------  --------  ---------  --------  --------  ----  --------
PAGE 0:
  BEGIN                 00000000   00000002  00000000  00000002  RWIX
  RAMLS_PROG            00008000   00002000  000000b3  00001f4d  RWIX
  BEGIN_FLASH           00080000   00000002  00000002  00000000  RWIX
  FLASHA_N              00080002   0003fffe  00004650  0003b9ae  RWIX
  RESET                 003fffc0   00000002  00000000  00000002  RWIX

PAGE 1:
  BOOT_RSVD             00000002   00000120  00000000  00000120  RWIX
  RAMM0M1               00000122   000006de  00000400  000002de  RWIX
  ADCARESULT            00000b00   00000018  00000018  00000000  RWIX
  ADCBRESULT            00000b20   00000018  00000018  00000000  RWIX
  ADCCRESULT            00000b40   00000018  00000018  00000000  RWIX
  ADCDRESULT            00000b60   00000018  00000018  00000000  RWIX
  CPU_TIMER0            00000c00   00000008  00000008  00000000  RWIX
  CPU_TIMER1            00000c08   00000008  00000008  00000000  RWIX
  CPU_TIMER2            00000c10   00000008  00000008  00000000  RWIX
  PIE_CTRL              00000ce0   00000020  0000001a  00000006  RWIX
  PIE_VECT              00000d00   00000200  000001c0  00000040  RWIX
  DMA                   00001000   00000200  000000e0  00000120  RWIX
  CLA1                  00001400   00000040  0000003e  00000002  RWIX
  CLA1_MSGRAMLOW        00001480   00000080  00000000  00000080  RWIX
  CLA1_MSGRAMHIGH       00001500   00000080  00000000  00000080  RWIX
  CLB1LOGICCFG          00003000   00000052  0000003e  00000014  RWIX
  CLB1LOGICCTRL         00003100   00000040  00000040  00000000  RWIX
  CLB1DATAEXCH          00003200   00000200  00000108  000000f8  RWIX
  CLB2LOGICCFG          00003400   00000052  0000003e  00000014  RWIX
  CLB2LOGICCTRL         00003500   00000040  00000040  00000000  RWIX
  CLB2DATAEXCH          00003600   00000200  00000108  000000f8  RWIX
  CLB3LOGICCFG          00003800   00000052  0000003e  00000014  RWIX
  CLB3LOGICCTRL         00003900   00000040  00000040  00000000  RWIX
  CLB3DATAEXCH          00003a00   00000200  00000108  000000f8  RWIX
  CLB4LOGICCFG          00003c00   00000052  0000003e  00000014  RWIX
  CLB4LOGICCTRL         00003d00   00000040  00000040  00000000  RWIX
  CLB4DATAEXCH          00003e00   00000200  00000108  000000f8  RWIX
  EPWM1                 00004000   00000100  00000100  00000000  RWIX
  EPWM2                 00004100   00000100  00000100  00000000  RWIX
  EPWM3                 00004200   00000100  00000100  00000000  RWIX
  EPWM4                 00004300   00000100  00000100  00000000  RWIX
  EPWM5                 00004400   00000100  00000100  00000000  RWIX
  EPWM6                 00004500   00000100  00000100  00000000  RWIX
  EPWM7                 00004600   00000100  00000100  00000000  RWIX
  EPWM8                 00004700   00000100  00000100  00000000  RWIX
  EPWM9                 00004800   00000100  00000100  00000000  RWIX
  EPWM10                00004900   00000100  00000100  00000000  RWIX
  EPWM11                00004a00   00000100  00000100  00000000  RWIX
  EPWM12                00004b00   00000100  00000100  00000000  RWIX
  ECAP1                 00005000   00000020  0000001a  00000006  RWIX
  ECAP2                 00005020   00000020  0000001a  00000006  RWIX
  ECAP3                 00005040   00000020  0000001a  00000006  RWIX
  ECAP4                 00005060   00000020  0000001a  00000006  RWIX
  ECAP5                 00005080   00000020  0000001a  00000006  RWIX
  ECAP6                 000050a0   00000020  0000001a  00000006  RWIX
  EQEP1                 00005100   00000040  00000022  0000001e  RWIX
  EQEP2                 00005140   00000040  00000022  0000001e  RWIX
  EQEP3                 00005180   00000040  00000022  0000001e  RWIX
  DACA                  00005c00   00000010  00000007  00000009  RWIX
  DACB                  00005c10   00000010  00000007  00000009  RWIX
  DACC                  00005c20   00000010  00000007  00000009  RWIX
  CMPSS1                00005c80   00000020  0000001b  00000005  RWIX
  CMPSS2                00005ca0   00000020  0000001b  00000005  RWIX
  CMPSS3                00005cc0   00000020  0000001b  00000005  RWIX
  CMPSS4                00005ce0   00000020  0000001b  00000005  RWIX
  CMPSS5                00005d00   00000020  0000001b  00000005  RWIX
  CMPSS6                00005d20   00000020  0000001b  00000005  RWIX
  CMPSS7                00005d40   00000020  0000001b  00000005  RWIX
  CMPSS8                00005d60   00000020  0000001b  00000005  RWIX
  SDFM1                 00005e00   00000080  00000048  00000038  RWIX
  SDFM2                 00005e80   00000080  00000048  00000038  RWIX
  MCBSPA                00006000   00000040  00000024  0000001c  RWIX
  MCBSPB                00006040   00000040  00000024  0000001c  RWIX
  SPIA                  00006100   00000010  00000010  00000000  RWIX
  SPIB                  00006110   00000010  00000010  00000000  RWIX
  SPIC                  00006120   00000010  00000010  00000000  RWIX
  SPID                  00006130   00000010  00000000  00000010  RWIX
  UPP                   00006200   00000100  00000048  000000b8  RWIX
  WD                    00007000   00000040  0000002b  00000015  RWIX
  NMIINTRUPT            00007060   00000010  00000007  00000009  RWIX
  XINT                  00007070   00000010  0000000b  00000005  RWIX
  SCIA                  00007200   00000010  00000010  00000000  RWIX
  SCIB                  00007210   00000010  00000010  00000000  RWIX
  SCIC                  00007220   00000010  00000010  00000000  RWIX
  SCID                  00007230   00000010  00000010  00000000  RWIX
  I2CA                  00007300   00000040  00000022  0000001e  RWIX
  I2CB                  00007340   00000040  00000022  0000001e  RWIX
  ADCA                  00007400   00000080  0000007c  00000004  RWIX
  ADCB                  00007480   00000080  0000007c  00000004  RWIX
  ADCC                  00007500   00000080  0000007c  00000004  RWIX
  ADCD                  00007580   00000080  0000007c  00000004  RWIX
  INPUT_XBAR            00007900   00000020  00000020  00000000  RWIX
  XBAR                  00007920   00000020  0000000e  00000012  RWIX
  SYNC_SOC              00007940   00000010  00000006  0000000a  RWIX
  DMACLASRCSEL          00007980   00000040  0000001a  00000026  RWIX
  EPWM_XBAR             00007a00   00000040  00000040  00000000  RWIX
  CLB_XBAR              00007a40   00000040  00000040  00000000  RWIX
  OUTPUT_XBAR           00007a80   00000040  00000040  00000000  RWIX
  GPIOCTRL              00007c00   00000180  00000180  00000000  RWIX
  GPIODAT               00007f00   00000030  00000030  00000000  RWIX
  RAMLS_DATA            0000a000   00001000  00000000  00001000  RWIX
  RAMD0D1               0000b000   00001000  00000000  00001000  RWIX
  RAMGS_IPCBuffCPU1     0000c000   00001000  00000000  00001000  RWIX
  RAMGS_IPCBuffCPU2     0000d000   00001000  00000000  00001000  RWIX
  RAMGS_DATA            0000e000   00007000  000007d6  0000682a  RWIX
  CPU2TOCPU1RAM         0003f800   00000400  00000000  00000400  RWIX
  CPU1TOCPU2RAM         0003fc00   00000400  00000000  00000400  RWIX
  EMIF1                 00047000   00000800  00000028  000007d8  RWIX
  EMIF2                 00047800   00000800  00000028  000007d8  RWIX
  CANA                  00048000   00000200  00000164  0000009c  RWIX
  CANB                  0004a000   00000200  00000164  0000009c  RWIX
  IPC                   00050000   00000024  00000024  00000000  RWIX
  FLASHPUMPSEMAPHORE    00050024   00000002  00000002  00000000  RWIX
  DEV_CFG               0005d000   00000180  0000012e  00000052  RWIX
  ANALOG_SUBSYS         0005d180   00000080  0000003e  00000042  RWIX
  CLK_CFG               0005d200   00000100  00000032  000000ce  RWIX
  CPU_SYS               0005d300   00000100  00000082  0000007e  RWIX
  ROMPREFETCH           0005e608   00000002  00000002  00000000  RWIX
  DCSM_Z1               0005f000   00000030  00000022  0000000e  RWIX
  DCSM_Z2               0005f040   00000030  00000022  0000000e  RWIX
  DCSM_COMMON           0005f070   00000010  00000006  0000000a  RWIX
  MEMCFG                0005f400   00000080  00000076  0000000a  RWIX
  EMIF1CONFIG           0005f480   00000020  0000000a  00000016  RWIX
  EMIF2CONFIG           0005f4a0   00000020  0000000a  00000016  RWIX
  ACCESSPROTECTION      0005f4c0   00000040  0000002e  00000012  RWIX
  MEMORYERROR           0005f500   00000040  0000003a  00000006  RWIX
  ROMWAITSTATE          0005f540   00000002  00000002  00000000  RWIX
  FLASH0_CTRL           0005f800   00000300  00000182  0000017e  RWIX
  FLASH0_ECC            0005fb00   00000040  00000028  00000018  RWIX
  DCSM_Z1_OTP           00078000   00000020  00000000  00000020  RWIX
  DCSM_Z2_OTP           00078200   00000020  00000000  00000020  RWIX


SECTION ALLOCATION MAP

 output                                  attributes/
section   page    origin      length       input sections
--------  ----  ----------  ----------   ----------------
codestart 
*          0    00080000    00000002     
                  00080000    00000002     F2837xD_CodeStartBranch.obj (codestart)

ramfuncs   0    00080004    00000074     RUN ADDR = 00008000
                  00080004    0000004b     rtiostream_serial_c28x_ext_xcp.obj (ramfuncs:retain)
                  0008004f    00000029     datamodify_xcp.obj (ramfuncs)

AdcaResultRegsFile 
*          1    00000b00    00000018     UNINITIALIZED
                  00000b00    00000018     F2837xD_GlobalVariableDefs.obj (AdcaResultRegsFile)

AdcbResultRegsFile 
*          1    00000b20    00000018     UNINITIALIZED
                  00000b20    00000018     F2837xD_GlobalVariableDefs.obj (AdcbResultRegsFile)

AdccResultRegsFile 
*          1    00000b40    00000018     UNINITIALIZED
                  00000b40    00000018     F2837xD_GlobalVariableDefs.obj (AdccResultRegsFile)

AdcdResultRegsFile 
*          1    00000b60    00000018     UNINITIALIZED
                  00000b60    00000018     F2837xD_GlobalVariableDefs.obj (AdcdResultRegsFile)

CpuTimer0RegsFile 
*          1    00000c00    00000008     UNINITIALIZED
                  00000c00    00000008     F2837xD_GlobalVariableDefs.obj (CpuTimer0RegsFile)

CpuTimer1RegsFile 
*          1    00000c08    00000008     UNINITIALIZED
                  00000c08    00000008     F2837xD_GlobalVariableDefs.obj (CpuTimer1RegsFile)

CpuTimer2RegsFile 
*          1    00000c10    00000008     UNINITIALIZED
                  00000c10    00000008     F2837xD_GlobalVariableDefs.obj (CpuTimer2RegsFile)

PieCtrlRegsFile 
*          1    00000ce0    0000001a     UNINITIALIZED
                  00000ce0    0000001a     F2837xD_GlobalVariableDefs.obj (PieCtrlRegsFile)

PieVectTableFile 
*          1    00000d00    000001c0     UNINITIALIZED
                  00000d00    000001c0     F2837xD_GlobalVariableDefs.obj (PieVectTableFile)

EmuKeyVar 
*          1    00000d00    00000000     UNINITIALIZED

EmuBModeVar 
*          1    00000d00    00000000     UNINITIALIZED

FlashCallbackVar 
*          1    00000d00    00000000     UNINITIALIZED

FlashScalingVar 
*          1    00000d00    00000000     UNINITIALIZED

Cla1RegsFile 
*          1    00001400    0000003e     UNINITIALIZED
                  00001400    0000003e     F2837xD_GlobalVariableDefs.obj (Cla1RegsFile)

Clb1LogicCfgRegsFile 
*          1    00003000    0000003e     UNINITIALIZED
                  00003000    0000003e     F2837xD_GlobalVariableDefs.obj (Clb1LogicCfgRegsFile)

Clb1LogicCtrlRegsFile 
*          1    00003100    00000040     UNINITIALIZED
                  00003100    00000040     F2837xD_GlobalVariableDefs.obj (Clb1LogicCtrlRegsFile)

Clb2LogicCfgRegsFile 
*          1    00003400    0000003e     UNINITIALIZED
                  00003400    0000003e     F2837xD_GlobalVariableDefs.obj (Clb2LogicCfgRegsFile)

Clb2LogicCtrlRegsFile 
*          1    00003500    00000040     UNINITIALIZED
                  00003500    00000040     F2837xD_GlobalVariableDefs.obj (Clb2LogicCtrlRegsFile)

Clb3LogicCfgRegsFile 
*          1    00003800    0000003e     UNINITIALIZED
                  00003800    0000003e     F2837xD_GlobalVariableDefs.obj (Clb3LogicCfgRegsFile)

Clb3LogicCtrlRegsFile 
*          1    00003900    00000040     UNINITIALIZED
                  00003900    00000040     F2837xD_GlobalVariableDefs.obj (Clb3LogicCtrlRegsFile)

Clb4LogicCfgRegsFile 
*          1    00003c00    0000003e     UNINITIALIZED
                  00003c00    0000003e     F2837xD_GlobalVariableDefs.obj (Clb4LogicCfgRegsFile)

Clb4LogicCtrlRegsFile 
*          1    00003d00    00000040     UNINITIALIZED
                  00003d00    00000040     F2837xD_GlobalVariableDefs.obj (Clb4LogicCtrlRegsFile)

EPwm1RegsFile 
*          1    00004000    00000100     UNINITIALIZED
                  00004000    00000100     F2837xD_GlobalVariableDefs.obj (EPwm1RegsFile)

EPwm2RegsFile 
*          1    00004100    00000100     UNINITIALIZED
                  00004100    00000100     F2837xD_GlobalVariableDefs.obj (EPwm2RegsFile)

EPwm3RegsFile 
*          1    00004200    00000100     UNINITIALIZED
                  00004200    00000100     F2837xD_GlobalVariableDefs.obj (EPwm3RegsFile)

EPwm4RegsFile 
*          1    00004300    00000100     UNINITIALIZED
                  00004300    00000100     F2837xD_GlobalVariableDefs.obj (EPwm4RegsFile)

EPwm5RegsFile 
*          1    00004400    00000100     UNINITIALIZED
                  00004400    00000100     F2837xD_GlobalVariableDefs.obj (EPwm5RegsFile)

EPwm6RegsFile 
*          1    00004500    00000100     UNINITIALIZED
                  00004500    00000100     F2837xD_GlobalVariableDefs.obj (EPwm6RegsFile)

EPwm7RegsFile 
*          1    00004600    00000100     UNINITIALIZED
                  00004600    00000100     F2837xD_GlobalVariableDefs.obj (EPwm7RegsFile)

EPwm8RegsFile 
*          1    00004700    00000100     UNINITIALIZED
                  00004700    00000100     F2837xD_GlobalVariableDefs.obj (EPwm8RegsFile)

EPwm9RegsFile 
*          1    00004800    00000100     UNINITIALIZED
                  00004800    00000100     F2837xD_GlobalVariableDefs.obj (EPwm9RegsFile)

EPwm10RegsFile 
*          1    00004900    00000100     UNINITIALIZED
                  00004900    00000100     F2837xD_GlobalVariableDefs.obj (EPwm10RegsFile)

EPwm11RegsFile 
*          1    00004a00    00000100     UNINITIALIZED
                  00004a00    00000100     F2837xD_GlobalVariableDefs.obj (EPwm11RegsFile)

EPwm12RegsFile 
*          1    00004b00    00000100     UNINITIALIZED
                  00004b00    00000100     F2837xD_GlobalVariableDefs.obj (EPwm12RegsFile)

ECap1RegsFile 
*          1    00005000    0000001a     UNINITIALIZED
                  00005000    0000001a     F2837xD_GlobalVariableDefs.obj (ECap1RegsFile)

ECap2RegsFile 
*          1    00005020    0000001a     UNINITIALIZED
                  00005020    0000001a     F2837xD_GlobalVariableDefs.obj (ECap2RegsFile)

ECap3RegsFile 
*          1    00005040    0000001a     UNINITIALIZED
                  00005040    0000001a     F2837xD_GlobalVariableDefs.obj (ECap3RegsFile)

ECap4RegsFile 
*          1    00005060    0000001a     UNINITIALIZED
                  00005060    0000001a     F2837xD_GlobalVariableDefs.obj (ECap4RegsFile)

ECap5RegsFile 
*          1    00005080    0000001a     UNINITIALIZED
                  00005080    0000001a     F2837xD_GlobalVariableDefs.obj (ECap5RegsFile)

ECap6RegsFile 
*          1    000050a0    0000001a     UNINITIALIZED
                  000050a0    0000001a     F2837xD_GlobalVariableDefs.obj (ECap6RegsFile)

EQep1RegsFile 
*          1    00005100    00000022     UNINITIALIZED
                  00005100    00000022     F2837xD_GlobalVariableDefs.obj (EQep1RegsFile)

EQep2RegsFile 
*          1    00005140    00000022     UNINITIALIZED
                  00005140    00000022     F2837xD_GlobalVariableDefs.obj (EQep2RegsFile)

EQep3RegsFile 
*          1    00005180    00000022     UNINITIALIZED
                  00005180    00000022     F2837xD_GlobalVariableDefs.obj (EQep3RegsFile)

DacaRegsFile 
*          1    00005c00    00000007     UNINITIALIZED
                  00005c00    00000007     F2837xD_GlobalVariableDefs.obj (DacaRegsFile)

DacbRegsFile 
*          1    00005c10    00000007     UNINITIALIZED
                  00005c10    00000007     F2837xD_GlobalVariableDefs.obj (DacbRegsFile)

DaccRegsFile 
*          1    00005c20    00000007     UNINITIALIZED
                  00005c20    00000007     F2837xD_GlobalVariableDefs.obj (DaccRegsFile)

Cmpss1RegsFile 
*          1    00005c80    0000001b     UNINITIALIZED
                  00005c80    0000001b     F2837xD_GlobalVariableDefs.obj (Cmpss1RegsFile)

Cmpss2RegsFile 
*          1    00005ca0    0000001b     UNINITIALIZED
                  00005ca0    0000001b     F2837xD_GlobalVariableDefs.obj (Cmpss2RegsFile)

Cmpss3RegsFile 
*          1    00005cc0    0000001b     UNINITIALIZED
                  00005cc0    0000001b     F2837xD_GlobalVariableDefs.obj (Cmpss3RegsFile)

Cmpss4RegsFile 
*          1    00005ce0    0000001b     UNINITIALIZED
                  00005ce0    0000001b     F2837xD_GlobalVariableDefs.obj (Cmpss4RegsFile)

Cmpss5RegsFile 
*          1    00005d00    0000001b     UNINITIALIZED
                  00005d00    0000001b     F2837xD_GlobalVariableDefs.obj (Cmpss5RegsFile)

Cmpss6RegsFile 
*          1    00005d20    0000001b     UNINITIALIZED
                  00005d20    0000001b     F2837xD_GlobalVariableDefs.obj (Cmpss6RegsFile)

Cmpss7RegsFile 
*          1    00005d40    0000001b     UNINITIALIZED
                  00005d40    0000001b     F2837xD_GlobalVariableDefs.obj (Cmpss7RegsFile)

Cmpss8RegsFile 
*          1    00005d60    0000001b     UNINITIALIZED
                  00005d60    0000001b     F2837xD_GlobalVariableDefs.obj (Cmpss8RegsFile)

I2caRegsFile 
*          1    00007300    00000022     UNINITIALIZED
                  00007300    00000022     F2837xD_GlobalVariableDefs.obj (I2caRegsFile)

I2cbRegsFile 
*          1    00007340    00000022     UNINITIALIZED
                  00007340    00000022     F2837xD_GlobalVariableDefs.obj (I2cbRegsFile)

AdcaRegsFile 
*          1    00007400    0000007c     UNINITIALIZED
                  00007400    0000007c     F2837xD_GlobalVariableDefs.obj (AdcaRegsFile)

AdcbRegsFile 
*          1    00007480    0000007c     UNINITIALIZED
                  00007480    0000007c     F2837xD_GlobalVariableDefs.obj (AdcbRegsFile)

AdccRegsFile 
*          1    00007500    0000007c     UNINITIALIZED
                  00007500    0000007c     F2837xD_GlobalVariableDefs.obj (AdccRegsFile)

AdcdRegsFile 
*          1    00007580    0000007c     UNINITIALIZED
                  00007580    0000007c     F2837xD_GlobalVariableDefs.obj (AdcdRegsFile)

CanaRegsFile 
*          1    00048000    00000164     UNINITIALIZED
                  00048000    00000164     F2837xD_GlobalVariableDefs.obj (CanaRegsFile)

CanbRegsFile 
*          1    0004a000    00000164     UNINITIALIZED
                  0004a000    00000164     F2837xD_GlobalVariableDefs.obj (CanbRegsFile)

AnalogSubsysRegsFile 
*          1    0005d180    0000003e     UNINITIALIZED
                  0005d180    0000003e     F2837xD_GlobalVariableDefs.obj (AnalogSubsysRegsFile)

Cla1SoftIntRegsFile 
*          1    00000ce0    00000000     DSECT

Clb1DataExchRegsFile 
*          1    00003200    00000108     UNINITIALIZED
                  00003200    00000108     F2837xD_GlobalVariableDefs.obj (Clb1DataExchRegsFile)

Clb2DataExchRegsFile 
*          1    00003600    00000108     UNINITIALIZED
                  00003600    00000108     F2837xD_GlobalVariableDefs.obj (Clb2DataExchRegsFile)

Clb3DataExchRegsFile 
*          1    00003a00    00000108     UNINITIALIZED
                  00003a00    00000108     F2837xD_GlobalVariableDefs.obj (Clb3DataExchRegsFile)

Clb4DataExchRegsFile 
*          1    00003e00    00000108     UNINITIALIZED
                  00003e00    00000108     F2837xD_GlobalVariableDefs.obj (Clb4DataExchRegsFile)

Sdfm1RegsFile 
*          1    00005e00    00000048     UNINITIALIZED
                  00005e00    00000048     F2837xD_GlobalVariableDefs.obj (Sdfm1RegsFile)

Sdfm2RegsFile 
*          1    00005e80    00000048     UNINITIALIZED
                  00005e80    00000048     F2837xD_GlobalVariableDefs.obj (Sdfm2RegsFile)

McbspaRegsFile 
*          1    00006000    00000024     UNINITIALIZED
                  00006000    00000024     F2837xD_GlobalVariableDefs.obj (McbspaRegsFile)

McbspbRegsFile 
*          1    00006040    00000024     UNINITIALIZED
                  00006040    00000024     F2837xD_GlobalVariableDefs.obj (McbspbRegsFile)

SpiaRegsFile 
*          1    00006100    00000010     UNINITIALIZED
                  00006100    00000010     F2837xD_GlobalVariableDefs.obj (SpiaRegsFile)

SpibRegsFile 
*          1    00006110    00000010     UNINITIALIZED
                  00006110    00000010     F2837xD_GlobalVariableDefs.obj (SpibRegsFile)

SpicRegsFile 
*          1    00006120    00000010     UNINITIALIZED
                  00006120    00000010     F2837xD_GlobalVariableDefs.obj (SpicRegsFile)

UppRegsFile 
*          1    00006200    00000048     UNINITIALIZED
                  00006200    00000048     F2837xD_GlobalVariableDefs.obj (UppRegsFile)

WdRegsFile 
*          1    00007000    0000002b     UNINITIALIZED
                  00007000    0000002b     F2837xD_GlobalVariableDefs.obj (WdRegsFile)

NmiIntruptRegsFile 
*          1    00007060    00000007     UNINITIALIZED
                  00007060    00000007     F2837xD_GlobalVariableDefs.obj (NmiIntruptRegsFile)

XintRegsFile 
*          1    00007070    0000000b     UNINITIALIZED
                  00007070    0000000b     F2837xD_GlobalVariableDefs.obj (XintRegsFile)

SciaRegsFile 
*          1    00007200    00000010     UNINITIALIZED
                  00007200    00000010     F2837xD_GlobalVariableDefs.obj (SciaRegsFile)

ScibRegsFile 
*          1    00007210    00000010     UNINITIALIZED
                  00007210    00000010     F2837xD_GlobalVariableDefs.obj (ScibRegsFile)

ScicRegsFile 
*          1    00007220    00000010     UNINITIALIZED
                  00007220    00000010     F2837xD_GlobalVariableDefs.obj (ScicRegsFile)

ScidRegsFile 
*          1    00007230    00000010     UNINITIALIZED
                  00007230    00000010     F2837xD_GlobalVariableDefs.obj (ScidRegsFile)

InputXbarRegsFile 
*          1    00007900    00000020     UNINITIALIZED
                  00007900    00000020     F2837xD_GlobalVariableDefs.obj (InputXbarRegsFile)

XbarRegsFile 
*          1    00007920    0000000e     UNINITIALIZED
                  00007920    0000000e     F2837xD_GlobalVariableDefs.obj (XbarRegsFile)

SyncSocRegsFile 
*          1    00007940    00000006     UNINITIALIZED
                  00007940    00000006     F2837xD_GlobalVariableDefs.obj (SyncSocRegsFile)

EPwmXbarRegsFile 
*          1    00007a00    00000040     UNINITIALIZED
                  00007a00    00000040     F2837xD_GlobalVariableDefs.obj (EPwmXbarRegsFile)

ClbXbarRegsFile 
*          1    00007a40    00000040     UNINITIALIZED
                  00007a40    00000040     F2837xD_GlobalVariableDefs.obj (ClbXbarRegsFile)

OutputXbarRegsFile 
*          1    00007a80    00000040     UNINITIALIZED
                  00007a80    00000040     F2837xD_GlobalVariableDefs.obj (OutputXbarRegsFile)

GpioCtrlRegsFile 
*          1    00007c00    00000180     UNINITIALIZED
                  00007c00    00000180     F2837xD_GlobalVariableDefs.obj (GpioCtrlRegsFile)

GpioDataRegsFile 
*          1    00007f00    00000030     UNINITIALIZED
                  00007f00    00000030     F2837xD_GlobalVariableDefs.obj (GpioDataRegsFile)

IpcRegsFile 
*          1    00050000    00000024     UNINITIALIZED
                  00050000    00000024     F2837xD_GlobalVariableDefs.obj (IpcRegsFile)

FlashPumpSemaphoreRegsFile 
*          1    00050024    00000002     UNINITIALIZED
                  00050024    00000002     F2837xD_GlobalVariableDefs.obj (FlashPumpSemaphoreRegsFile)

RomPrefetchRegsFile 
*          1    0005e608    00000002     UNINITIALIZED
                  0005e608    00000002     F2837xD_GlobalVariableDefs.obj (RomPrefetchRegsFile)

DcsmZ1RegsFile 
*          1    0005f000    00000022     UNINITIALIZED
                  0005f000    00000022     F2837xD_GlobalVariableDefs.obj (DcsmZ1RegsFile)

DcsmZ2RegsFile 
*          1    0005f040    00000022     UNINITIALIZED
                  0005f040    00000022     F2837xD_GlobalVariableDefs.obj (DcsmZ2RegsFile)

DcsmCommonRegsFile 
*          1    0005f070    00000006     UNINITIALIZED
                  0005f070    00000006     F2837xD_GlobalVariableDefs.obj (DcsmCommonRegsFile)

DmaRegsFile 
*          1    00001000    000000e0     UNINITIALIZED
                  00001000    000000e0     F2837xD_GlobalVariableDefs.obj (DmaRegsFile)

DmaClaSrcSelRegsFile 
*          1    00007980    0000001a     UNINITIALIZED
                  00007980    0000001a     F2837xD_GlobalVariableDefs.obj (DmaClaSrcSelRegsFile)

Emif1RegsFile 
*          1    00047000    00000028     UNINITIALIZED
                  00047000    00000028     F2837xD_GlobalVariableDefs.obj (Emif1RegsFile)

Emif2RegsFile 
*          1    00047800    00000028     UNINITIALIZED
                  00047800    00000028     F2837xD_GlobalVariableDefs.obj (Emif2RegsFile)

MemCfgRegsFile 
*          1    0005f400    00000076     UNINITIALIZED
                  0005f400    00000076     F2837xD_GlobalVariableDefs.obj (MemCfgRegsFile)

Emif1ConfigRegsFile 
*          1    0005f480    0000000a     UNINITIALIZED
                  0005f480    0000000a     F2837xD_GlobalVariableDefs.obj (Emif1ConfigRegsFile)

Emif2ConfigRegsFile 
*          1    0005f4a0    0000000a     UNINITIALIZED
                  0005f4a0    0000000a     F2837xD_GlobalVariableDefs.obj (Emif2ConfigRegsFile)

AccessProtectionRegsFile 
*          1    0005f4c0    0000002e     UNINITIALIZED
                  0005f4c0    0000002e     F2837xD_GlobalVariableDefs.obj (AccessProtectionRegsFile)

MemoryErrorRegsFile 
*          1    0005f500    0000003a     UNINITIALIZED
                  0005f500    0000003a     F2837xD_GlobalVariableDefs.obj (MemoryErrorRegsFile)

RomWaitStateRegsFile 
*          1    0005f540    00000002     UNINITIALIZED
                  0005f540    00000002     F2837xD_GlobalVariableDefs.obj (RomWaitStateRegsFile)

Flash0CtrlRegsFile 
*          1    0005f800    00000182     UNINITIALIZED
                  0005f800    00000182     F2837xD_GlobalVariableDefs.obj (Flash0CtrlRegsFile)

Flash0EccRegsFile 
*          1    0005fb00    00000028     UNINITIALIZED
                  0005fb00    00000028     F2837xD_GlobalVariableDefs.obj (Flash0EccRegsFile)

DevCfgRegsFile 
*          1    0005d000    0000012e     UNINITIALIZED
                  0005d000    0000012e     F2837xD_GlobalVariableDefs.obj (DevCfgRegsFile)

ClkCfgRegsFile 
*          1    0005d200    00000032     UNINITIALIZED
                  0005d200    00000032     F2837xD_GlobalVariableDefs.obj (ClkCfgRegsFile)

CpuSysRegsFile 
*          1    0005d300    00000082     UNINITIALIZED
                  0005d300    00000082     F2837xD_GlobalVariableDefs.obj (CpuSysRegsFile)

.cinit     0    0008447c    0000017e     
                  0008447c    0000005b     xcp_ext_classic_trigger.obj (.cinit)
                  000844d7    0000004c     xcp_ext_common.obj (.cinit)
                  00084523    0000001e     xcp_daq.obj (.cinit)
                  00084541    00000019     motorkitc2000_HW1_data.obj (.cinit)
                  0008455a    00000014     xcp.obj (.cinit)
                  0008456e    00000014     xcp_frame_serial.obj (.cinit)
                  00084582    0000000f     xcp_standard.obj (.cinit)
                  00084591    0000000e     rts2800_fpu32.lib : exit.c.obj (.cinit)
                  0008459f    0000000a     c2837xDBoard_Realtime_Support.obj (.cinit)
                  000845a9    00000009     xcp_mem_default.obj (.cinit:_xcpMemMainBlockSizes)
                  000845b2    00000009     xcp_mem_default.obj (.cinit:_xcpMemMainBlocksNumber)
                  000845bb    00000008     xcp_drv_rtiostream.obj (.cinit)
                  000845c3    00000008     xcp_transport.obj (.cinit)
                  000845cb    00000006     ert_main.obj (.cinit:_isRateRunning)
                  000845d1    00000006     ert_main.obj (.cinit:_need2runFlags)
                  000845d7    00000005     rts2800_fpu32.lib : _lock.c.obj (.cinit:__lock)
                  000845dc    00000005                       : _lock.c.obj (.cinit:__unlock)
                  000845e1    00000005     xcp_ext_common.obj (.cinit:_xcpCurrentSimulationTimeInTicks)
                  000845e6    00000005     rtiostream_serial_c28x_ext_xcp.obj (.cinit)
                  000845eb    00000005     xcp_calibration.obj (.cinit)
                  000845f0    00000004     MW_c28xGPIO.obj (.cinit)
                  000845f4    00000004     ert_main.obj (.cinit)
                  000845f8    00000002     --HOLE-- [fill = 0]

.pinit     0    00080004    00000000     UNINITIALIZED

.text      0    00080078    0000416b     
                  00080078    00000cd0     xcp_daq.obj (.text)
                  00080d48    00000585     F2837xD_DefaultISR.obj (.text:retain)
                  000812cd    000004aa     F2837xD_SysCtrl.obj (.text)
                  00081777    0000047e     xcp_mem_default.obj (.text)
                  00081bf5    000003b5     xcp.obj (.text)
                  00081faa    000002f8     motorkitc2000_HW1.obj (.text)
                  000822a2    000002ea     xcp_transport.obj (.text)
                  0008258c    000002da     F2837xD_Ipc_Driver_Lite.obj (.text)
                  00082866    0000029c     c2837xDBoard_Realtime_Support.obj (.text)
                  00082b02    00000244     F2837xD_Gpio.obj (.text)
                  00082d46    0000022a     xcp_standard.obj (.text)
                  00082f70    0000020f     xcp_frame_serial.obj (.text)
                  0008317f    000001b7     xcp_ext_classic_trigger.obj (.text)
                  00083336    00000196     xcp_ext_common.obj (.text)
                  000834cc    00000170     xcp_ext_mode.obj (.text)
                  0008363c    0000016a     xcp_drv_rtiostream.obj (.text)
                  000837a6    0000011c     rtiostream_serial_c28x_ext_xcp.obj (.text)
                  000838c2    00000106     ert_main.obj (.text)
                  000839c8    000000e6     c2837xDBoard_Realtime_Support.obj (.text:retain)
                  00083aae    000000d4     xcp_calibration.obj (.text)
                  00083b82    000000b9     datamodify_xcp.obj (.text)
                  00083c3b    000000a3     MW_c28xx_board.obj (.text)
                  00083cde    00000092     rt_nonfinite.obj (.text)
                  00083d70    0000007c     F2837xD_CpuTimers.obj (.text)
                  00083dec    00000070     c2837xDSchedulerTimer0.obj (.text)
                  00083e5c    0000005f     xcp_fifo.obj (.text)
                  00083ebb    0000005a     xcp_utils.obj (.text)
                  00083f15    00000056     rts2800_fpu32.lib : boot28.asm.obj (.text)
                  00083f6b    0000004e     MW_c28xx_qep.obj (.text)
                  00083fb9    00000044     c2837xDSchedulerTimer0.obj (.text:retain)
                  00083ffd    00000044     rtGetInf.obj (.text)
                  00084041    00000032     MW_c28xx_pwm.obj (.text)
                  00084073    00000031     MW_c28xGPIO.obj (.text)
                  000840a4    0000002a     rtGetNaN.obj (.text)
                  000840ce    00000029     rts2800_fpu32.lib : exit.c.obj (.text)
                  000840f7    00000028     F2837xD_PieCtrl.obj (.text)
                  0008411f    00000026     F2837xD_PieVect.obj (.text)
                  00084145    00000024     rts2800_fpu32.lib : cpy_tbl.c.obj (.text)
                  00084169    0000001f     xcp_ext_param_default_serial.obj (.text)
                  00084188    0000001d     rts2800_fpu32.lib : memcpy.c.obj (.text)
                  000841a5    00000012                       : args_main.c.obj (.text)
                  000841b7    00000011     MW_c28xGlobalInterrupts.obj (.text)
                  000841c8    00000009     rts2800_fpu32.lib : _lock.c.obj (.text)
                  000841d1    00000008     F2837xD_CodeStartBranch.obj (.text)
                  000841d9    00000007     rts2800_fpu32.lib : memset.c.obj (.text)
                  000841e0    00000002                       : pre_init.c.obj (.text)
                  000841e2    00000001                       : startup.c.obj (.text)

.TI.ramfunc 
*          0    000841e4    0000003f     RUN ADDR = 00008074
                  000841e4    00000037     F2837xD_SysCtrl.obj (.TI.ramfunc)
                  0008421b    00000004     F2837xD_usDelay.obj (.TI.ramfunc)
                  0008421f    00000004     sysctl.obj (.TI.ramfunc)

.econst    0    00084224    00000256     
                  00084224    000001c0     F2837xD_PieVect.obj (.econst:_PieVectTableInit)
                  000843e4    00000048     xcp_daq.obj (.econst:_daqSupportedRxPacket)
                  0008442c    0000002a     xcp_standard.obj (.econst:_standardSupportedRxPacket)
                  00084456    00000012     motorkitc2000_HW1.obj (.econst:.string)
                  00084468    0000000c     xcp_calibration.obj (.econst:_calibrationSupportedRxPacket)
                  00084474    00000004     motorkitc2000_HW1.obj (.econst)
                  00084478    00000002     rtGetNaN.obj (.econst:_$P$T0$1)

.switch    0    000845fc    0000005e     
                  000845fc    00000024     c2837xDBoard_Realtime_Support.obj (.switch:_CPU02toCPU01IPC0IntHandler)
                  00084620    0000001e     xcp.obj (.switch:_genericOutputPacketHandler)
                  0008463e    0000001c     c2837xDBoard_Realtime_Support.obj (.switch:_setInXBARForCPU2)

.stack     1    00000122    00000400     UNINITIALIZED
                  00000122    00000400     --HOLE--

.reset     0    003fffc0    00000002     DSECT
                  003fffc0    00000002     rts2800_fpu32.lib : boot28.asm.obj (.reset)

GETBUFFER 
*          0    0003f800    00000000     DSECT

GETWRITEIDX 
*          0    0003f800    00000000     DSECT

PUTREADIDX 
*          0    0003f800    00000000     DSECT

WRITEFLAG1CPU2 
*          0    0003f800    00000000     DSECT

WRITEFLAG2CPU2 
*          0    0003f800    00000000     DSECT

READFLAG1CPU2 
*          0    0003f800    00000000     DSECT

READFLAG2CPU2 
*          0    0003f800    00000000     DSECT

.ebss      1    0000e000    000007d6     UNINITIALIZED
                  0000e000    00000461     xcp_mem_default.obj (.ebss:_xcpMemReservedPoolsChunk)
                  0000e461    00000001     MW_c28xGPIO.obj (.ebss)
                  0000e462    0000001e     xcp_ext_common.obj (.ebss)
                  0000e480    0000012b     xcp_mem_default.obj (.ebss:_xcpMemMainChunk)
                  0000e5ab    00000001     MW_c28xGlobalInterrupts.obj (.ebss)
                  0000e5ac    0000000c     rt_nonfinite.obj (.ebss)
                  0000e5b8    00000008     xcp.obj (.ebss:_groupPacketLookup)
                  0000e5c0    000000c8     motorkitc2000_HW1.obj (.ebss)
                  0000e688    0000001c     xcp_ext_classic_trigger.obj (.ebss)
                  0000e6a4    00000018     F2837xD_CpuTimers.obj (.ebss)
                  0000e6bc    00000004     xcp_transport.obj (.ebss:_rxFifo)
                  0000e6c0    00000048     xcp_mem_default.obj (.ebss:_xcpMemPoolDescriptors)
                  0000e708    00000018     xcp_daq.obj (.ebss)
                  0000e720    00000016     motorkitc2000_HW1_data.obj (.ebss)
                  0000e736    00000008     xcp_transport.obj (.ebss:_txFifo)
                  0000e73e    00000002     rts2800_fpu32.lib : _lock.c.obj (.ebss:__lock)
                  0000e740    00000042     datamodify_xcp.obj (.ebss)
                  0000e782    00000008     xcp_standard.obj (.ebss)
                  0000e78a    00000006     xcp_ext_mode.obj (.ebss:_xcpCustomTriggerFunction)
                  0000e790    00000006     xcp_mem_default.obj (.ebss:_xcpMemMainBlockSizes)
                  0000e796    00000006     xcp_mem_default.obj (.ebss:_xcpMemMainBlocksNumber)
                  0000e79c    00000006     c2837xDBoard_Realtime_Support.obj (.ebss)
                  0000e7a2    00000006     rts2800_fpu32.lib : exit.c.obj (.ebss)
                  0000e7a8    00000005     xcp.obj (.ebss)
                  0000e7ad    00000005     xcp_frame_serial.obj (.ebss)
                  0000e7b2    00000004     xcp_ext_common.obj (.ebss:_xcpCurrentSimulationTimeInTicks)
                  0000e7b6    00000004     xcp_mem_default.obj (.ebss:_xcpMemCustomPoolDescriptors)
                  0000e7ba    00000004     xcp_mem_default.obj (.ebss)
                  0000e7be    00000002     rts2800_fpu32.lib : _lock.c.obj (.ebss:__unlock)
                  0000e7c0    00000004     xcp_transport.obj (.ebss)
                  0000e7c4    00000003     ert_main.obj (.ebss:_isRateRunning)
                  0000e7c7    00000003     ert_main.obj (.ebss:_need2runFlags)
                  0000e7ca    00000003     ert_main.obj (.ebss)
                  0000e7cd    00000001     --HOLE--
                  0000e7ce    00000002     motorkitc2000_HW1.obj (.ebss:_systemRan$3)
                  0000e7d0    00000002     rtiostream_serial_c28x_ext_xcp.obj (.ebss)
                  0000e7d2    00000002     xcp_calibration.obj (.ebss)
                  0000e7d4    00000002     xcp_drv_rtiostream.obj (.ebss)

MODULE SUMMARY

       Module                               code    initialized data   uninitialized data
       ------                               ----    ----------------   ------------------
    <current directory>
       F2837xD_GlobalVariableDefs.obj       0       0                  9854              
       xcp_daq.obj                          3280    102                24                
       xcp_mem_default.obj                  1150    18                 1512              
       F2837xD_DefaultISR.obj               1413    0                  0                 
       F2837xD_SysCtrl.obj                  1304    0                  0                 
       xcp.obj                              949     50                 13                
       motorkitc2000_HW1.obj                760     22                 202               
       c2837xDBoard_Realtime_Support.obj    898     74                 6                 
       xcp_transport.obj                    746     8                  16                
       F2837xD_Ipc_Driver_Lite.obj          730     0                  0                 
       xcp_standard.obj                     554     57                 8                 
       F2837xD_Gpio.obj                     580     0                  0                 
       xcp_ext_classic_trigger.obj          439     91                 28                
       xcp_frame_serial.obj                 527     20                 5                 
       xcp_ext_common.obj                   406     81                 34                
       F2837xD_PieVect.obj                  38      448                0                 
       rtiostream_serial_c28x_ext_xcp.obj   434     5                  2                 
       xcp_ext_mode.obj                     368     0                  6                 
       xcp_drv_rtiostream.obj               362     8                  2                 
       datamodify_xcp.obj                   267     0                  66                
       ert_main.obj                         262     16                 9                 
       xcp_calibration.obj                  212     17                 2                 
       c2837xDSchedulerTimer0.obj           180     0                  0                 
       MW_c28xx_board.obj                   163     0                  0                 
       rt_nonfinite.obj                     146     0                  12                
       F2837xD_CpuTimers.obj                124     0                  24                
       xcp_fifo.obj                         95      0                  0                 
       xcp_utils.obj                        90      0                  0                 
       MW_c28xx_qep.obj                     78      0                  0                 
       rtGetInf.obj                         68      0                  0                 
       MW_c28xGPIO.obj                      49      4                  1                 
       MW_c28xx_pwm.obj                     50      0                  0                 
       motorkitc2000_HW1_data.obj           0       25                 22                
       rtGetNaN.obj                         42      2                  0                 
       F2837xD_PieCtrl.obj                  40      0                  0                 
       xcp_ext_param_default_serial.obj     31      0                  0                 
       MW_c28xGlobalInterrupts.obj          17      0                  1                 
       F2837xD_CodeStartBranch.obj          10      0                  0                 
       F2837xD_usDelay.obj                  8       0                  0                 
       sysctl.obj                           8       0                  0                 
    +--+------------------------------------+-------+------------------+--------------------+
       Total:                               16878   1048               11849             
                                                                                         
    C:/PROGRA~3/MATLAB/SUPPOR~1/3P778C~1.INS/TIC28X~1.INS/TI-CGT~1.LTS/lib/rts2800_fpu32.lib
       boot28.asm.obj                       86      0                  0                 
       exit.c.obj                           41      14                 6                 
       cpy_tbl.c.obj                        36      0                  0                 
       memcpy.c.obj                         29      0                  0                 
       _lock.c.obj                          9       10                 4                 
       args_main.c.obj                      18      0                  0                 
       memset.c.obj                         7       0                  0                 
       pre_init.c.obj                       2       0                  0                 
       startup.c.obj                        1       0                  0                 
    +--+------------------------------------+-------+------------------+--------------------+
       Total:                               229     24                 10                
                                                                                         
       Stack:                               0       0                  1024              
    +--+------------------------------------+-------+------------------+--------------------+
       Grand Total:                         17107   1072               12883             


GLOBAL DATA SYMBOLS: SORTED BY DATA PAGE

address     data page           name
--------    ----------------    ----
00000122       4 (00000100)     __stack

00000b00      2c (00000b00)     _AdcaResultRegs
00000b20      2c (00000b00)     _AdcbResultRegs

00000b40      2d (00000b40)     _AdccResultRegs
00000b60      2d (00000b40)     _AdcdResultRegs

00000c00      30 (00000c00)     _CpuTimer0Regs
00000c08      30 (00000c00)     _CpuTimer1Regs
00000c10      30 (00000c00)     _CpuTimer2Regs

00000ce0      33 (00000cc0)     _PieCtrlRegs

00000d00      34 (00000d00)     _PieVectTable

00001000      40 (00001000)     _DmaRegs

00001400      50 (00001400)     _Cla1Regs

00003000      c0 (00003000)     _Clb1LogicCfgRegs

00003100      c4 (00003100)     _Clb1LogicCtrlRegs

00003200      c8 (00003200)     _Clb1DataExchRegs

00003400      d0 (00003400)     _Clb2LogicCfgRegs

00003500      d4 (00003500)     _Clb2LogicCtrlRegs

00003600      d8 (00003600)     _Clb2DataExchRegs

00003800      e0 (00003800)     _Clb3LogicCfgRegs

00003900      e4 (00003900)     _Clb3LogicCtrlRegs

00003a00      e8 (00003a00)     _Clb3DataExchRegs

00003c00      f0 (00003c00)     _Clb4LogicCfgRegs

00003d00      f4 (00003d00)     _Clb4LogicCtrlRegs

00003e00      f8 (00003e00)     _Clb4DataExchRegs

00004000     100 (00004000)     _EPwm1Regs

00004100     104 (00004100)     _EPwm2Regs

00004200     108 (00004200)     _EPwm3Regs

00004300     10c (00004300)     _EPwm4Regs

00004400     110 (00004400)     _EPwm5Regs

00004500     114 (00004500)     _EPwm6Regs

00004600     118 (00004600)     _EPwm7Regs

00004700     11c (00004700)     _EPwm8Regs

00004800     120 (00004800)     _EPwm9Regs

00004900     124 (00004900)     _EPwm10Regs

00004a00     128 (00004a00)     _EPwm11Regs

00004b00     12c (00004b00)     _EPwm12Regs

00005000     140 (00005000)     _ECap1Regs
00005020     140 (00005000)     _ECap2Regs

00005040     141 (00005040)     _ECap3Regs
00005060     141 (00005040)     _ECap4Regs

00005080     142 (00005080)     _ECap5Regs
000050a0     142 (00005080)     _ECap6Regs

00005100     144 (00005100)     _EQep1Regs

00005140     145 (00005140)     _EQep2Regs

00005180     146 (00005180)     _EQep3Regs

00005c00     170 (00005c00)     _DacaRegs
00005c10     170 (00005c00)     _DacbRegs
00005c20     170 (00005c00)     _DaccRegs

00005c80     172 (00005c80)     _Cmpss1Regs
00005ca0     172 (00005c80)     _Cmpss2Regs

00005cc0     173 (00005cc0)     _Cmpss3Regs
00005ce0     173 (00005cc0)     _Cmpss4Regs

00005d00     174 (00005d00)     _Cmpss5Regs
00005d20     174 (00005d00)     _Cmpss6Regs

00005d40     175 (00005d40)     _Cmpss7Regs
00005d60     175 (00005d40)     _Cmpss8Regs

00005e00     178 (00005e00)     _Sdfm1Regs

00005e80     17a (00005e80)     _Sdfm2Regs

00006000     180 (00006000)     _McbspaRegs

00006040     181 (00006040)     _McbspbRegs

00006100     184 (00006100)     _SpiaRegs
00006110     184 (00006100)     _SpibRegs
00006120     184 (00006100)     _SpicRegs

00006200     188 (00006200)     _UppRegs

00007000     1c0 (00007000)     _WdRegs

00007060     1c1 (00007040)     _NmiIntruptRegs
00007070     1c1 (00007040)     _XintRegs

00007200     1c8 (00007200)     _SciaRegs
00007210     1c8 (00007200)     _ScibRegs
00007220     1c8 (00007200)     _ScicRegs
00007230     1c8 (00007200)     _ScidRegs

00007300     1cc (00007300)     _I2caRegs

00007340     1cd (00007340)     _I2cbRegs

00007400     1d0 (00007400)     _AdcaRegs

00007480     1d2 (00007480)     _AdcbRegs

00007500     1d4 (00007500)     _AdccRegs

00007580     1d6 (00007580)     _AdcdRegs

00007900     1e4 (00007900)     _InputXbarRegs
00007920     1e4 (00007900)     _XbarRegs

00007940     1e5 (00007940)     _SyncSocRegs

00007980     1e6 (00007980)     _DmaClaSrcSelRegs

00007a00     1e8 (00007a00)     _EPwmXbarRegs

00007a40     1e9 (00007a40)     _ClbXbarRegs

00007a80     1ea (00007a80)     _OutputXbarRegs

00007c00     1f0 (00007c00)     _GpioCtrlRegs

00007f00     1fc (00007f00)     _GpioDataRegs

0000e461     391 (0000e440)     _GPIO_oneTimeInit
0000e462     391 (0000e440)     _xcpModelStartRequest
0000e463     391 (0000e440)     _xcpModelStopRequest
0000e464     391 (0000e440)     _xcpModelStatus
0000e465     391 (0000e440)     _xcpExtmodeSimulationComplete
0000e468     391 (0000e440)     _xcpModelChecksum0
0000e46a     391 (0000e440)     _xcpModelChecksum1
0000e46c     391 (0000e440)     _xcpModelChecksum2
0000e46e     391 (0000e440)     _xcpModelChecksum3
0000e470     391 (0000e440)     _xcpModelIntegerCode
0000e472     391 (0000e440)     _xcpExtmodeFinalSimulationTime
0000e474     391 (0000e440)     _xcpDummyDoubleVariable

0000e5ab     396 (0000e580)     _MW_InterruptDisableLock
0000e5ac     396 (0000e580)     _rtInf
0000e5ae     396 (0000e580)     _rtMinusInf
0000e5b0     396 (0000e580)     _rtNaN
0000e5b2     396 (0000e580)     _rtInfF
0000e5b4     396 (0000e580)     _rtMinusInfF
0000e5b6     396 (0000e580)     _rtNaNF

0000e5ca     397 (0000e5c0)     _motorkitc2000_HW1_DW
0000e5d8     397 (0000e5c0)     _motorkitc2000_HW1_B

0000e688     39a (0000e680)     _xcpClassicTriggerEventId
0000e689     39a (0000e680)     _xcpClassicTriggerSignalAddressExtension
0000e68a     39a (0000e680)     _xcpClassicTriggerDirection
0000e68b     39a (0000e680)     _xcpClassicTriggerArmRequest
0000e68c     39a (0000e680)     _xcpClassicTriggerCancelRequest
0000e68d     39a (0000e680)     _xcpClassicTriggerSource
0000e68e     39a (0000e680)     _xcpClassicTriggerMode
0000e68f     39a (0000e680)     _xcpClassicTriggerStatus
0000e696     39a (0000e680)     _xcpClassicTriggerSignalAddress
0000e698     39a (0000e680)     _xcpClassicTriggerLevel
0000e69a     39a (0000e680)     _xcpClassicTriggerDuration
0000e69c     39a (0000e680)     _xcpClassicTriggerHoldOff
0000e69e     39a (0000e680)     _xcpClassicTriggerDelay
0000e6a4     39a (0000e680)     _CpuTimer0
0000e6ac     39a (0000e680)     _CpuTimer1
0000e6b4     39a (0000e680)     _CpuTimer2

0000e720     39c (0000e700)     _motorkitc2000_HW1_P
0000e73e     39c (0000e700)     __lock

0000e740     39d (0000e740)     _queRx

0000e79c     39e (0000e780)     _ErrorFlag
0000e79e     39e (0000e780)     _mwInitStart
0000e7a0     39e (0000e780)     _mwInitEnd
0000e7a2     39e (0000e780)     ___TI_enable_exit_profile_output
0000e7a4     39e (0000e780)     ___TI_cleanup_ptr
0000e7a6     39e (0000e780)     ___TI_dtors_ptr
0000e7b2     39e (0000e780)     _xcpCurrentSimulationTimeInTicks
0000e7be     39e (0000e780)     __unlock

0000e7c4     39f (0000e7c0)     _isRateRunning
0000e7c7     39f (0000e7c0)     _need2runFlags
0000e7ca     39f (0000e7c0)     _IsrOverrun
0000e7cb     39f (0000e7c0)     _stopRequested
0000e7cc     39f (0000e7c0)     _runModel
0000e7d0     39f (0000e7c0)     _MW_SCI_PTR

00047000    11c0 (00047000)     _Emif1Regs

00047800    11e0 (00047800)     _Emif2Regs

00048000    1200 (00048000)     _CanaRegs

0004a000    1280 (0004a000)     _CanbRegs

00050000    1400 (00050000)     _IpcRegs
00050024    1400 (00050000)     _FlashPumpSemaphoreRegs

0005d000    1740 (0005d000)     _DevCfgRegs

0005d180    1746 (0005d180)     _AnalogSubsysRegs

0005d200    1748 (0005d200)     _ClkCfgRegs

0005d300    174c (0005d300)     _CpuSysRegs

0005e608    1798 (0005e600)     _RomPrefetchRegs

0005f000    17c0 (0005f000)     _DcsmZ1Regs

0005f040    17c1 (0005f040)     _DcsmZ2Regs
0005f070    17c1 (0005f040)     _DcsmCommonRegs

0005f400    17d0 (0005f400)     _MemCfgRegs

0005f480    17d2 (0005f480)     _Emif1ConfigRegs
0005f4a0    17d2 (0005f480)     _Emif2ConfigRegs

0005f4c0    17d3 (0005f4c0)     _AccessProtectionRegs

0005f500    17d4 (0005f500)     _MemoryErrorRegs

0005f540    17d5 (0005f540)     _RomWaitStateRegs

0005f800    17e0 (0005f800)     _Flash0CtrlRegs

0005fb00    17ec (0005fb00)     _Flash0EccRegs

00084224    2108 (00084200)     _PieVectTableInit

00084476    2111 (00084440)     _motorkitc2000_HW1_M


GLOBAL SYMBOLS: SORTED ALPHABETICALLY BY Name 

page  address   name                                            
----  -------   ----                                            
0     00080078  .text                                           
0     000840ce  C$$EXIT                                         
0     00080e06  _ADCA1_ISR                                      
0     00081086  _ADCA2_ISR                                      
0     00081090  _ADCA3_ISR                                      
0     0008109a  _ADCA4_ISR                                      
0     0008107c  _ADCA_EVT_ISR                                   
0     00080e10  _ADCB1_ISR                                      
0     000810ae  _ADCB2_ISR                                      
0     000810b8  _ADCB3_ISR                                      
0     000810c2  _ADCB4_ISR                                      
0     000810a4  _ADCB_EVT_ISR                                   
0     00080e1a  _ADCC1_ISR                                      
0     00081216  _ADCC2_ISR                                      
0     00081220  _ADCC3_ISR                                      
0     0008122a  _ADCC4_ISR                                      
0     0008120c  _ADCC_EVT_ISR                                   
0     00080e38  _ADCD1_ISR                                      
0     0008123e  _ADCD2_ISR                                      
0     00081248  _ADCD3_ISR                                      
0     00081252  _ADCD4_ISR                                      
0     00081234  _ADCD_EVT_ISR                                   
0     0008128e  _AUX_PLL_SLIP_ISR                               
1     0005f4c0  _AccessProtectionRegs                           
1     00007400  _AdcaRegs                                       
1     00000b00  _AdcaResultRegs                                 
1     00007480  _AdcbRegs                                       
1     00000b20  _AdcbResultRegs                                 
1     00007500  _AdccRegs                                       
1     00000b40  _AdccResultRegs                                 
1     00007580  _AdcdRegs                                       
1     00000b60  _AdcdResultRegs                                 
1     0005d180  _AnalogSubsysRegs                               
0     00081706  _AuxAuxClkSel                                   
0     000816f0  _AuxIntOsc2Sel                                  
0     000816fa  _AuxXtalOscSel                                  
0     00083bcb  _BytePacker16bits                               
0     00083ba5  _BytePacker32bits                               
0     00083b82  _BytePackerInplace32bits                        
0     00081054  _CANA0_ISR                                      
0     0008105e  _CANA1_ISR                                      
0     00081068  _CANB0_ISR                                      
0     00081072  _CANB1_ISR                                      
0     000810cc  _CLA1_1_ISR                                     
0     000810d6  _CLA1_2_ISR                                     
0     000810e0  _CLA1_3_ISR                                     
0     000810ea  _CLA1_4_ISR                                     
0     000810f4  _CLA1_5_ISR                                     
0     000810fe  _CLA1_6_ISR                                     
0     00081108  _CLA1_7_ISR                                     
0     00081112  _CLA1_8_ISR                                     
0     00081298  _CLA_OVERFLOW_ISR                               
0     000812a2  _CLA_UNDERFLOW_ISR                              
0     000839c8  _CPU02toCPU01IPC0IntHandler                     
1     00048000  _CanaRegs                                       
1     0004a000  _CanbRegs                                       
1     00001400  _Cla1Regs                                       
1     00003200  _Clb1DataExchRegs                               
1     00003000  _Clb1LogicCfgRegs                               
1     00003100  _Clb1LogicCtrlRegs                              
1     00003600  _Clb2DataExchRegs                               
1     00003400  _Clb2LogicCfgRegs                               
1     00003500  _Clb2LogicCtrlRegs                              
1     00003a00  _Clb3DataExchRegs                               
1     00003800  _Clb3LogicCfgRegs                               
1     00003900  _Clb3LogicCtrlRegs                              
1     00003e00  _Clb4DataExchRegs                               
1     00003c00  _Clb4LogicCfgRegs                               
1     00003d00  _Clb4LogicCtrlRegs                              
1     00007a40  _ClbXbarRegs                                    
1     0005d200  _ClkCfgRegs                                     
1     00005c80  _Cmpss1Regs                                     
1     00005ca0  _Cmpss2Regs                                     
1     00005cc0  _Cmpss3Regs                                     
1     00005ce0  _Cmpss4Regs                                     
1     00005d00  _Cmpss5Regs                                     
1     00005d20  _Cmpss6Regs                                     
1     00005d40  _Cmpss7Regs                                     
1     00005d60  _Cmpss8Regs                                     
0     00083db1  _ConfigCpuTimer                                 
0     0008175a  _ConfigureTMXAnalogTrim                         
1     0005d300  _CpuSysRegs                                     
1     0000e6a4  _CpuTimer0                                      
1     00000c00  _CpuTimer0Regs                                  
1     0000e6ac  _CpuTimer1                                      
1     00000c08  _CpuTimer1Regs                                  
1     0000e6b4  _CpuTimer2                                      
1     00000c10  _CpuTimer2Regs                                  
0     0008169b  _CsmUnlock                                      
0     00080d5c  _DATALOG_ISR                                    
0     00080fa0  _DMA_CH1_ISR                                    
0     00080faa  _DMA_CH2_ISR                                    
0     00080fb4  _DMA_CH3_ISR                                    
0     00080fbe  _DMA_CH4_ISR                                    
0     00080fc8  _DMA_CH5_ISR                                    
0     00080fd2  _DMA_CH6_ISR                                    
1     00005c00  _DacaRegs                                       
1     00005c10  _DacbRegs                                       
1     00005c20  _DaccRegs                                       
1     0005f070  _DcsmCommonRegs                                 
1     0005f000  _DcsmZ1Regs                                     
1     0005f040  _DcsmZ2Regs                                     
0     0008285f  _DelayLoop                                      
1     0005d000  _DevCfgRegs                                     
0     000813b0  _DisableDog                                     
0     00081371  _DisablePeripheralClocks                        
1     00007980  _DmaClaSrcSelRegs                               
1     00001000  _DmaRegs                                        
0     00080ef6  _ECAP1_ISR                                      
0     00080f00  _ECAP2_ISR                                      
0     00080f0a  _ECAP3_ISR                                      
0     00080f14  _ECAP4_ISR                                      
0     00080f1e  _ECAP5_ISR                                      
0     00080f28  _ECAP6_ISR                                      
1     00005000  _ECap1Regs                                      
1     00005020  _ECap2Regs                                      
1     00005040  _ECap3Regs                                      
1     00005060  _ECap4Regs                                      
1     00005080  _ECap5Regs                                      
1     000050a0  _ECap6Regs                                      
0     0008125c  _EMIF_ERROR_ISR                                 
0     000812b6  _EMPTY_ISR                                      
0     00080d70  _EMU_ISR                                        
0     000811b2  _EPWM10_ISR                                     
0     0008118a  _EPWM10_TZ_ISR                                  
0     000811bc  _EPWM11_ISR                                     
0     00081194  _EPWM11_TZ_ISR                                  
0     000811c6  _EPWM12_ISR                                     
0     0008119e  _EPWM12_TZ_ISR                                  
0     00080ea6  _EPWM1_ISR                                      
0     00080e56  _EPWM1_TZ_ISR                                   
0     00080eb0  _EPWM2_ISR                                      
0     00080e60  _EPWM2_TZ_ISR                                   
0     00080eba  _EPWM3_ISR                                      
0     00080e6a  _EPWM3_TZ_ISR                                   
0     00080ec4  _EPWM4_ISR                                      
0     00080e74  _EPWM4_TZ_ISR                                   
0     00080ece  _EPWM5_ISR                                      
0     00080e7e  _EPWM5_TZ_ISR                                   
0     00080ed8  _EPWM6_ISR                                      
0     00080e88  _EPWM6_TZ_ISR                                   
0     00080ee2  _EPWM7_ISR                                      
0     00080e92  _EPWM7_TZ_ISR                                   
0     00080eec  _EPWM8_ISR                                      
0     00080e9c  _EPWM8_TZ_ISR                                   
0     000811a8  _EPWM9_ISR                                      
0     00081180  _EPWM9_TZ_ISR                                   
1     00004900  _EPwm10Regs                                     
1     00004a00  _EPwm11Regs                                     
1     00004b00  _EPwm12Regs                                     
1     00004000  _EPwm1Regs                                      
1     00004100  _EPwm2Regs                                      
1     00004200  _EPwm3Regs                                      
1     00004300  _EPwm4Regs                                      
1     00004400  _EPwm5Regs                                      
1     00004500  _EPwm6Regs                                      
1     00004600  _EPwm7Regs                                      
1     00004700  _EPwm8Regs                                      
1     00004800  _EPwm9Regs                                      
1     00007a00  _EPwmXbarRegs                                   
0     00080f32  _EQEP1_ISR                                      
0     00080f3c  _EQEP2_ISR                                      
0     00080f46  _EQEP3_ISR                                      
1     00005100  _EQep1Regs                                      
1     00005140  _EQep2Regs                                      
1     00005180  _EQep3Regs                                      
1     0005f480  _Emif1ConfigRegs                                
1     00047000  _Emif1Regs                                      
1     0005f4a0  _Emif2ConfigRegs                                
1     00047800  _Emif2Regs                                      
0     00084116  _EnableInterrupts                               
1     0000e79c  _ErrorFlag                                      
0     000080ab  _F28x_usDelay                                   
0     00081270  _FLASH_CORRECTABLE_ERROR_ISR                    
0     00081144  _FPU_OVERFLOW_ISR                               
0     0008114e  _FPU_UNDERFLOW_ISR                              
1     0005f800  _Flash0CtrlRegs                                 
1     0005fb00  _Flash0EccRegs                                  
0     0000809d  _FlashOff                                       
1     00050024  _FlashPumpSemaphoreRegs                         
0     00082cfb  _GPIO_EnableUnbondedIOPullups                   
0     00082cd6  _GPIO_EnableUnbondedIOPullupsFor100Pin          
0     00082cbd  _GPIO_EnableUnbondedIOPullupsFor176Pin          
0     00082d11  _GPIO_ReadPin                                   
0     00082c62  _GPIO_SetupLock                                 
0     00082b42  _GPIO_SetupPinMux                               
0     00082bce  _GPIO_SetupPinOptions                           
0     00082c8b  _GPIO_SetupXINT1Gpio                            
0     00082c95  _GPIO_SetupXINT2Gpio                            
0     00082c9f  _GPIO_SetupXINT3Gpio                            
0     00082ca9  _GPIO_SetupXINT4Gpio                            
0     00082cb3  _GPIO_SetupXINT5Gpio                            
0     0008407e  _GPIO_TogglePin                                 
0     00082d28  _GPIO_WritePin                                  
1     0000e461  _GPIO_oneTimeInit                               
1     00007c00  _GpioCtrlRegs                                   
1     00007f00  _GpioDataRegs                                   
0     00081724  _HALT                                           
0     0008173d  _HIB                                            
0     00080fe6  _I2CA_FIFO_ISR                                  
0     00080fdc  _I2CA_ISR                                       
0     00080ffa  _I2CB_FIFO_ISR                                  
0     00080ff0  _I2CB_ISR                                       
1     00007300  _I2caRegs                                       
1     00007340  _I2cbRegs                                       
0     00081710  _IDLE                                           
0     00080d84  _ILLEGAL_ISR                                    
0     00081158  _IPC0_ISR                                       
0     00081162  _IPC1_ISR                                       
0     0008116c  _IPC2_ISR                                       
0     00081176  _IPC3_ISR                                       
0     0008261e  _IPCLiteLtoRClearBits                           
0     00082648  _IPCLiteLtoRClearBits_Protected                 
0     000825a7  _IPCLiteLtoRDataRead                            
0     00082672  _IPCLiteLtoRDataWrite                           
0     00082697  _IPCLiteLtoRDataWrite_Protected                 
0     000826bc  _IPCLiteLtoRFunctionCall                        
0     0008258c  _IPCLiteLtoRGetResult                           
0     000825ca  _IPCLiteLtoRSetBits                             
0     000825f4  _IPCLiteLtoRSetBits_Protected                   
0     000826d8  _IPCLiteReqMemAccess                            
0     00082782  _IPCLiteRtoLClearBits                           
0     000827b2  _IPCLiteRtoLClearBits_Protected                 
0     000826fc  _IPCLiteRtoLDataRead                            
0     000827e5  _IPCLiteRtoLDataWrite                           
0     00082812  _IPCLiteRtoLDataWrite_Protected                 
0     00082842  _IPCLiteRtoLFunctionCall                        
0     00082723  _IPCLiteRtoLSetBits                             
0     00082751  _IPCLiteRtoLSetBits_Protected                   
0     000815ac  _InitAuxPll                                     
0     00083d70  _InitCpuTimers                                  
0     00008074  _InitFlash                                      
0     00082b02  _InitGpio                                       
0     000812ed  _InitPeripheralClocks                           
0     000840f7  _InitPieCtrl                                    
0     0008411f  _InitPieVectTable                               
0     000812cd  _InitSysCtrl                                    
0     000813be  _InitSysPll                                     
1     00007900  _InputXbarRegs                                  
1     00050000  _IpcRegs                                        
1     0000e7ca  _IsrOverrun                                     
0     00080f78  _MCBSPA_RX_ISR                                  
0     00080f82  _MCBSPA_TX_ISR                                  
0     00080f8c  _MCBSPB_RX_ISR                                  
0     00080f96  _MCBSPB_TX_ISR                                  
1     0000e5ab  _MW_InterruptDisableLock                        
0     00084223  _MW_RamfuncsLoadEnd                             
abs   0000003f  _MW_RamfuncsLoadSize                            
0     000841e4  _MW_RamfuncsLoadStart                           
0     000080b3  _MW_RamfuncsRunEnd                              
abs   0000003f  _MW_RamfuncsRunSize                             
0     00008074  _MW_RamfuncsRunStart                            
1     0000e7d0  _MW_SCI_PTR                                     
1     00006000  _McbspaRegs                                     
1     00006040  _McbspbRegs                                     
1     0005f400  _MemCfgRegs                                     
1     0005f500  _MemoryErrorRegs                                
0     00080d7a  _NMI_ISR                                        
0     000812c3  _NOTUSED_ISR                                    
1     00007060  _NmiIntruptRegs                                 
0     00084073  _OneTimeGpioInit                                
1     00007a80  _OutputXbarRegs                                 
0     000812ac  _PIE_RESERVED_ISR                               
1     00000ce0  _PieCtrlRegs                                    
1     00000d00  _PieVectTable                                   
0     00084224  _PieVectTableInit                               
0     0008127a  _RAM_ACCESS_VIOLATION_ISR                       
0     00081266  _RAM_CORRECTABLE_ERROR_ISR                      
0     00080d66  _RTOS_ISR                                       
0     00080078  _RamfuncsLoadEnd                                
abs   00000074  _RamfuncsLoadSize                               
0     00080004  _RamfuncsLoadStart                              
0     00008074  _RamfuncsRunEnd                                 
abs   00000074  _RamfuncsRunSize                                
0     00008000  _RamfuncsRunStart                               
0     00081398  _ReleaseFlashPump                               
1     0005e608  _RomPrefetchRegs                                
1     0005f540  _RomWaitStateRegs                               
0     0008102c  _SCIA_RX_ISR                                    
0     00081036  _SCIA_TX_ISR                                    
0     00081040  _SCIB_RX_ISR                                    
0     0008104a  _SCIB_TX_ISR                                    
0     00081004  _SCIC_RX_ISR                                    
0     0008100e  _SCIC_TX_ISR                                    
0     00081018  _SCID_RX_ISR                                    
0     00081022  _SCID_TX_ISR                                    
0     00008000  _SCIRXINT_isr                                   
0     000811d0  _SD1_ISR                                        
0     000811da  _SD2_ISR                                        
0     00080f50  _SPIA_RX_ISR                                    
0     00080f5a  _SPIA_TX_ISR                                    
0     00080f64  _SPIB_RX_ISR                                    
0     00080f6e  _SPIB_TX_ISR                                    
0     000811e4  _SPIC_RX_ISR                                    
0     000811ee  _SPIC_TX_ISR                                    
0     00081719  _STANDBY                                        
0     00081284  _SYS_PLL_SLIP_ISR                               
1     00007200  _SciaRegs                                       
1     00007210  _ScibRegs                                       
1     00007220  _ScicRegs                                       
1     00007230  _ScidRegs                                       
1     00005e00  _Sdfm1Regs                                      
1     00005e80  _Sdfm2Regs                                      
0     00081389  _SeizeFlashPump                                 
0     000813a2  _ServiceDog                                     
0     00084096  _Set_GPIOPin                                    
1     00006100  _SpiaRegs                                       
1     00006110  _SpibRegs                                       
1     00006120  _SpicRegs                                       
1     00007940  _SyncSocRegs                                    
0     000080af  _SysCtl_delay                                   
0     000816bc  _SysIntOsc1Sel                                  
0     000816cc  _SysIntOsc2Sel                                  
0     000816e0  _SysXtalOscSel                                  
0     00080e42  _TIMER0_ISR                                     
0     00080d48  _TIMER1_ISR                                     
0     00080d52  _TIMER2_ISR                                     
0     00083fb9  _TINT0_isr                                      
0     000811f8  _UPPA_ISR                                       
0     00081202  _USBA_ISR                                       
0     00080de8  _USER10_ISR                                     
0     00080df2  _USER11_ISR                                     
0     00080dfc  _USER12_ISR                                     
0     00080d8e  _USER1_ISR                                      
0     00080d98  _USER2_ISR                                      
0     00080da2  _USER3_ISR                                      
0     00080dac  _USER4_ISR                                      
0     00080db6  _USER5_ISR                                      
0     00080dc0  _USER6_ISR                                      
0     00080dca  _USER7_ISR                                      
0     00080dd4  _USER8_ISR                                      
0     00080dde  _USER9_ISR                                      
1     00006200  _UppRegs                                        
0     0008113a  _VCU_ISR                                        
0     00080e4c  _WAKE_ISR                                       
1     00007000  _WdRegs                                         
0     00080e24  _XINT1_ISR                                      
0     00080e2e  _XINT2_ISR                                      
0     0008111c  _XINT3_ISR                                      
0     00081126  _XINT4_ISR                                      
0     00081130  _XINT5_ISR                                      
1     00007920  _XbarRegs                                       
1     00007070  _XintRegs                                       
1     00000522  __STACK_END                                     
abs   00000400  __STACK_SIZE                                    
1     0000e7a4  ___TI_cleanup_ptr                               
1     0000e7a6  ___TI_dtors_ptr                                 
1     0000e7a2  ___TI_enable_exit_profile_output                
abs   ffffffff  ___TI_pprof_out_hndl                            
abs   ffffffff  ___TI_prof_data_size                            
abs   ffffffff  ___TI_prof_data_start                           
abs   ffffffff  ___binit__                                      
abs   ffffffff  ___c_args__                                     
0     0008447c  ___cinit__                                      
0     000841e3  ___etext__                                      
abs   ffffffff  ___pinit__                                      
0     00080078  ___text__                                       
0     000841a5  __args_main                                     
1     0000e73e  __lock                                          
0     000841d0  __nop                                           
0     000841cc  __register_lock                                 
0     000841c8  __register_unlock                               
1     00000122  __stack                                         
0     000841e2  __system_post_cinit                             
0     000841e0  __system_pre_init                               
1     0000e7be  __unlock                                        
0     000840ce  _abort                                          
0     00083c14  _addElement                                     
0     00082866  _c2000_flash_init                               
0     00083f15  _c_int00                                        
0     00083f6b  _config_QEP_eQEP1                               
0     00084065  _config_ePWMSyncSource                          
0     00084041  _config_ePWM_GPIO                               
0     00084059  _config_ePWM_TBSync                             
0     00083dec  _configureTimer0                                
0     00084145  _copy_in                                        
0     0000804b  _deleteElement                                  
0     00083e39  _disableTimer0Interrupt                         
0     00083e2f  _enableTimer0Interrupt                          
0     000837a6  _enable_interrupts_sci                          
0     000840d0  _exit                                           
0     000835c8  _extmodeBackgroundRun                           
0     00083581  _extmodeEvent                                   
0     0008360e  _extmodeGetEventTriggerEnable                   
0     000835f1  _extmodeGetFinalSimulationTime                  
0     000834d3  _extmodeInit                                    
0     000834cc  _extmodeParseArgs                               
0     000835d0  _extmodeReset                                   
0     00083628  _extmodeSetEventTriggerEnable                   
0     00083606  _extmodeSetFinalSimulationTime                  
0     000835ed  _extmodeSimulationComplete                      
0     000835e9  _extmodeStartRequested                          
0     000835e5  _extmodeStopRequested                           
0     0008352d  _extmodeWaitForHostRequest                      
0     00081d1c  _genericOutputPacketHandler                     
0     000841bf  _globalInterruptDisable                         
0     000841b7  _globalInterruptEnable                          
0     00083bee  _initQue                                        
0     0008287f  _initSetGPIOIPC                                 
0     000837fc  _init_SCI_external_mode                         
0     00083c3b  _init_board                                     
0     00083bfb  _isEmpty                                        
0     00083c07  _isFull                                         
1     0000e7c4  _isRateRunning                                  
0     00083925  _main                                           
0     00084188  _memcpy                                         
0     000841d9  _memset                                         
1     0000e5d8  _motorkitc2000_HW1_B                            
1     0000e5ca  _motorkitc2000_HW1_DW                           
0     00084476  _motorkitc2000_HW1_M                            
1     0000e720  _motorkitc2000_HW1_P                            
0     00081fb5  _motorkitc2000_HW1_SetEventsForThisBaseStep     
0     00082161  _motorkitc2000_HW1_initialize                   
0     00081fe1  _motorkitc2000_HW1_step0                        
0     00082135  _motorkitc2000_HW1_step2                        
0     000822a1  _motorkitc2000_HW1_terminate                    
1     0000e7a0  _mwInitEnd                                      
1     0000e79e  _mwInitStart                                    
1     0000e7c7  _need2runFlags                                  
1     0000e740  _queRx                                          
0     00083e51  _restoreTimer0Interrupt                         
0     00083ffd  _rtGetInf                                       
0     00084016  _rtGetInfF                                      
0     0008401f  _rtGetMinusInf                                  
0     00084038  _rtGetMinusInfF                                 
0     000840a4  _rtGetNaN                                       
0     000840bd  _rtGetNaNF                                      
0     000837d3  _rtIOStreamClose                                
[...]
0     00082f6f  _xcpStandardExtendedReset                       
0     00082f7a  _xcpSxiChecksum                                 
0     00082f95  _xcpFrameInit                                   
0     00082faf  _xcpFrameMsgSend                                
0     0008302d  _xcpFrameMsgRecv                                
0     000830b6  _xcpFrameCreateMsg                              
0     000830e4  _xcpFrameExtractPacket                          
0     00083152  _xcpFrameHeaderSize                             
0     00083154  _xcpFrameTailSize                               
0     00083156  _xcpFrameMaxDtoSize                             
0     0008315a  _xcpFrameMaxCtoSize                             
0     0008315c  _xcpFrameRestart                                
0     00083163  _xcpFrameSetCtoReservedMemPoolId                
0     0008316a  _xcpFrameReset                                  
0     000832a7  _xcpExtModeClassicTriggerInit                   
0     000832b6  _xcpExtModeClassicTriggerEnabled                
0     000832f7  _xcpExtModeClassicTriggerReset                  
0     00083317  _xcpExtModeClassicTriggerForceEnableStatusUpdate
0     00083336  _xcp_void_printf                                
0     000833d2  _xcpExtModeUpdateTime                           
0     000833d9  _xcpExtModeGetUpdatedTimestamp                  
0     000833e0  _xcpGetTimestamp                                
0     000833f7  _xcpExtModeGetSimulationTime                    
0     000833fe  _xcpExtModeInit                                 
0     00083426  _xcpExtModeRunBackground                        
0     00083485  _xcpExtModeReset                                
0     000834cc  _extmodeParseArgs                               
0     000834d3  _extmodeInit                                    
0     0008352d  _extmodeWaitForHostRequest                      
0     00083581  _extmodeEvent                                   
0     000835c8  _extmodeBackgroundRun                           
0     000835d0  _extmodeReset                                   
0     000835e5  _extmodeStopRequested                           
0     000835e9  _extmodeStartRequested                          
0     000835ed  _extmodeSimulationComplete                      
0     000835f1  _extmodeGetFinalSimulationTime                  
0     00083606  _extmodeSetFinalSimulationTime                  
0     0008360e  _extmodeGetEventTriggerEnable                   
0     00083628  _extmodeSetEventTriggerEnable                   
0     0008363c  _xcpDrvOpen                                     
0     00083656  _xcpDrvIoctl                                    
0     0008366a  _xcpDrvSend                                     
0     000836d9  _xcpDrvRecv                                     
0     00083748  _xcpDrvRecvUnknownSize                          
0     0008378b  _xcpDrvClose                                    
0     000837a6  _enable_interrupts_sci                          
0     000837b5  _rtIOStreamOpen                                 
0     000837d3  _rtIOStreamClose                                
0     000837d9  _rtIOStreamSend                                 
0     000837e6  _rtIOStreamRecv                                 
0     000837fc  _init_SCI_external_mode                         
0     0008386c  _sci_rcv_external_mode                          
0     000838aa  _sci_xmit_external_mode                         
0     000838c2  _rt_OneStep                                     
0     00083925  _main                                           
0     000839c8  _CPU02toCPU01IPC0IntHandler                     
0     00083b70  _xcpCalibrationInit                             
0     00083b75  _xcpCalibrationGetPacketLookup                  
0     00083b79  _xcpCalibrationSetPacketLookup                  
0     00083b81  _xcpCalibrationReset                            
0     00083b82  _BytePackerInplace32bits                        
0     00083ba5  _BytePacker32bits                               
0     00083bcb  _BytePacker16bits                               
0     00083bee  _initQue                                        
0     00083bfb  _isEmpty                                        
0     00083c07  _isFull                                         
0     00083c14  _addElement                                     
0     00083c3b  _init_board                                     
0     00083cde  _rt_InitInfAndNaN                               
0     00083d06  _rtIsInf                                        
0     00083d1e  _rtIsInfF                                       
0     00083d36  _rtIsNaN                                        
0     00083d59  _rtIsNaNF                                       
0     00083d70  _InitCpuTimers                                  
0     00083db1  _ConfigCpuTimer                                 
0     00083dec  _configureTimer0                                
0     00083e2a  _stopTimer0                                     
0     00083e2f  _enableTimer0Interrupt                          
0     00083e39  _disableTimer0Interrupt                         
0     00083e51  _restoreTimer0Interrupt                         
0     00083e5c  _xcpFifoInit                                    
0     00083e65  _xcpFifoEnqueue                                 
0     00083e74  _xcpFifoDequeue                                 
0     00083e87  _xcpFifoEnqueueHead                             
0     00083e96  _xcpFifoSpliceHead                              
0     00083eac  _xcpFifoEmpty                                   
0     00083eb5  _xcpFifoReset                                   
0     00083ebb  _xcpSortArray                                   
0     00083f15  _c_int00                                        
0     00083f6b  _config_QEP_eQEP1                               
0     00083fb9  _TINT0_isr                                      
0     00083ffd  _rtGetInf                                       
0     00084016  _rtGetInfF                                      
0     0008401f  _rtGetMinusInf                                  
0     00084038  _rtGetMinusInfF                                 
0     00084041  _config_ePWM_GPIO                               
0     00084059  _config_ePWM_TBSync                             
0     00084065  _config_ePWMSyncSource                          
0     00084073  _OneTimeGpioInit                                
0     0008407e  _GPIO_TogglePin                                 
0     00084096  _Set_GPIOPin                                    
0     000840a4  _rtGetNaN                                       
0     000840bd  _rtGetNaNF                                      
0     000840ce  C$$EXIT                                         
0     000840ce  _abort                                          
0     000840d0  _exit                                           
0     000840f7  _InitPieCtrl                                    
0     00084116  _EnableInterrupts                               
0     0008411f  _InitPieVectTable                               
0     00084145  _copy_in                                        
0     00084169  _xcpExtModeParseArgs                            
0     0008416e  _xcpTransportGetInitParameters                  
0     0008417b  _xcpGetInitParameters                           
0     00084188  _memcpy                                         
0     000841a5  __args_main                                     
0     000841b7  _globalInterruptEnable                          
0     000841bf  _globalInterruptDisable                         
0     000841c8  __register_unlock                               
0     000841cc  __register_lock                                 
0     000841d0  __nop                                           
0     000841d9  _memset                                         
0     000841e0  __system_pre_init                               
0     000841e2  __system_post_cinit                             
0     000841e3  ___etext__                                      
0     000841e3  etext                                           
0     000841e4  _MW_RamfuncsLoadStart                           
0     00084223  _MW_RamfuncsLoadEnd                             
0     00084224  _PieVectTableInit                               
0     00084476  _motorkitc2000_HW1_M                            
0     0008447c  ___cinit__                                      
0     0008447c  cinit                                           
1     00000122  __stack                                         
1     00000522  __STACK_END                                     
1     00000b00  _AdcaResultRegs                                 
1     00000b20  _AdcbResultRegs                                 
1     00000b40  _AdccResultRegs                                 
1     00000b60  _AdcdResultRegs                                 
1     00000c00  _CpuTimer0Regs                                  
1     00000c08  _CpuTimer1Regs                                  
1     00000c10  _CpuTimer2Regs                                  
1     00000ce0  _PieCtrlRegs                                    
1     00000d00  _PieVectTable                                   
1     00001000  _DmaRegs                                        
1     00001400  _Cla1Regs                                       
1     00003000  _Clb1LogicCfgRegs                               
1     00003100  _Clb1LogicCtrlRegs                              
1     00003200  _Clb1DataExchRegs                               
1     00003400  _Clb2LogicCfgRegs                               
1     00003500  _Clb2LogicCtrlRegs                              
1     00003600  _Clb2DataExchRegs                               
1     00003800  _Clb3LogicCfgRegs                               
1     00003900  _Clb3LogicCtrlRegs                              
1     00003a00  _Clb3DataExchRegs                               
1     00003c00  _Clb4LogicCfgRegs                               
1     00003d00  _Clb4LogicCtrlRegs                              
1     00003e00  _Clb4DataExchRegs                               
1     00004000  _EPwm1Regs                                      
1     00004100  _EPwm2Regs                                      
1     00004200  _EPwm3Regs                                      
1     00004300  _EPwm4Regs                                      
1     00004400  _EPwm5Regs                                      
1     00004500  _EPwm6Regs                                      
1     00004600  _EPwm7Regs                                      
1     00004700  _EPwm8Regs                                      
1     00004800  _EPwm9Regs                                      
1     00004900  _EPwm10Regs                                     
1     00004a00  _EPwm11Regs                                     
1     00004b00  _EPwm12Regs                                     
1     00005000  _ECap1Regs                                      
1     00005020  _ECap2Regs                                      
1     00005040  _ECap3Regs                                      
1     00005060  _ECap4Regs                                      
1     00005080  _ECap5Regs                                      
1     000050a0  _ECap6Regs                                      
1     00005100  _EQep1Regs                                      
1     00005140  _EQep2Regs                                      
1     00005180  _EQep3Regs                                      
1     00005c00  _DacaRegs                                       
1     00005c10  _DacbRegs                                       
1     00005c20  _DaccRegs                                       
1     00005c80  _Cmpss1Regs                                     
1     00005ca0  _Cmpss2Regs                                     
1     00005cc0  _Cmpss3Regs                                     
1     00005ce0  _Cmpss4Regs                                     
1     00005d00  _Cmpss5Regs                                     
1     00005d20  _Cmpss6Regs                                     
1     00005d40  _Cmpss7Regs                                     
1     00005d60  _Cmpss8Regs                                     
1     00005e00  _Sdfm1Regs                                      
1     00005e80  _Sdfm2Regs                                      
1     00006000  _McbspaRegs                                     
1     00006040  _McbspbRegs                                     
1     00006100  _SpiaRegs                                       
1     00006110  _SpibRegs                                       
1     00006120  _SpicRegs                                       
1     00006200  _UppRegs                                        
1     00007000  _WdRegs                                         
1     00007060  _NmiIntruptRegs                                 
1     00007070  _XintRegs                                       
1     00007200  _SciaRegs                                       
1     00007210  _ScibRegs                                       
1     00007220  _ScicRegs                                       
1     00007230  _ScidRegs                                       
1     00007300  _I2caRegs                                       
1     00007340  _I2cbRegs                                       
1     00007400  _AdcaRegs                                       
1     00007480  _AdcbRegs                                       
1     00007500  _AdccRegs                                       
1     00007580  _AdcdRegs                                       
1     00007900  _InputXbarRegs                                  
1     00007920  _XbarRegs                                       
1     00007940  _SyncSocRegs                                    
1     00007980  _DmaClaSrcSelRegs                               
1     00007a00  _EPwmXbarRegs                                   
1     00007a40  _ClbXbarRegs                                    
1     00007a80  _OutputXbarRegs                                 
1     00007c00  _GpioCtrlRegs                                   
1     00007f00  _GpioDataRegs                                   
1     0000e461  _GPIO_oneTimeInit                               
1     0000e462  _xcpModelStartRequest                           
1     0000e463  _xcpModelStopRequest                            
1     0000e464  _xcpModelStatus                                 
1     0000e465  _xcpExtmodeSimulationComplete                   
1     0000e468  _xcpModelChecksum0                              
1     0000e46a  _xcpModelChecksum1                              
1     0000e46c  _xcpModelChecksum2                              
1     0000e46e  _xcpModelChecksum3                              
1     0000e470  _xcpModelIntegerCode                            
1     0000e472  _xcpExtmodeFinalSimulationTime                  
1     0000e474  _xcpDummyDoubleVariable                         
1     0000e5ab  _MW_InterruptDisableLock                        
1     0000e5ac  _rtInf                                          
1     0000e5ae  _rtMinusInf                                     
1     0000e5b0  _rtNaN                                          
1     0000e5b2  _rtInfF                                         
1     0000e5b4  _rtMinusInfF                                    
1     0000e5b6  _rtNaNF                                         
1     0000e5ca  _motorkitc2000_HW1_DW                           
1     0000e5d8  _motorkitc2000_HW1_B                            
1     0000e688  _xcpClassicTriggerEventId                       
1     0000e689  _xcpClassicTriggerSignalAddressExtension        
1     0000e68a  _xcpClassicTriggerDirection                     
1     0000e68b  _xcpClassicTriggerArmRequest                    
1     0000e68c  _xcpClassicTriggerCancelRequest                 
1     0000e68d  _xcpClassicTriggerSource                        
1     0000e68e  _xcpClassicTriggerMode                          
1     0000e68f  _xcpClassicTriggerStatus                        
1     0000e696  _xcpClassicTriggerSignalAddress                 
1     0000e698  _xcpClassicTriggerLevel                         
1     0000e69a  _xcpClassicTriggerDuration                      
1     0000e69c  _xcpClassicTriggerHoldOff                       
1     0000e69e  _xcpClassicTriggerDelay                         
1     0000e6a4  _CpuTimer0                                      
1     0000e6ac  _CpuTimer1                                      
1     0000e6b4  _CpuTimer2                                      
1     0000e720  _motorkitc2000_HW1_P                            
1     0000e73e  __lock                                          
1     0000e740  _queRx                                          
1     0000e79c  _ErrorFlag                                      
1     0000e79e  _mwInitStart                                    
1     0000e7a0  _mwInitEnd                                      
1     0000e7a2  ___TI_enable_exit_profile_output                
1     0000e7a4  ___TI_cleanup_ptr                               
1     0000e7a6  ___TI_dtors_ptr                                 
1     0000e7b2  _xcpCurrentSimulationTimeInTicks                
1     0000e7be  __unlock                                        
1     0000e7c4  _isRateRunning                                  
1     0000e7c7  _need2runFlags                                  
1     0000e7ca  _IsrOverrun                                     
1     0000e7cb  _stopRequested                                  
1     0000e7cc  _runModel                                       
1     0000e7d0  _MW_SCI_PTR                                     
1     00047000  _Emif1Regs                                      
1     00047800  _Emif2Regs                                      
1     00048000  _CanaRegs                                       
1     0004a000  _CanbRegs                                       
1     00050000  _IpcRegs                                        
1     00050024  _FlashPumpSemaphoreRegs                         
1     0005d000  _DevCfgRegs                                     
1     0005d180  _AnalogSubsysRegs                               
1     0005d200  _ClkCfgRegs                                     
1     0005d300  _CpuSysRegs                                     
1     0005e608  _RomPrefetchRegs                                
1     0005f000  _DcsmZ1Regs                                     
1     0005f040  _DcsmZ2Regs                                     
1     0005f070  _DcsmCommonRegs                                 
1     0005f400  _MemCfgRegs                                     
1     0005f480  _Emif1ConfigRegs                                
1     0005f4a0  _Emif2ConfigRegs                                
1     0005f4c0  _AccessProtectionRegs                           
1     0005f500  _MemoryErrorRegs                                
1     0005f540  _RomWaitStateRegs                               
1     0005f800  _Flash0CtrlRegs                                 
1     0005fb00  _Flash0EccRegs                                  
abs   0000003f  _MW_RamfuncsLoadSize                            
abs   0000003f  _MW_RamfuncsRunSize                             
abs   00000074  _RamfuncsLoadSize                               
abs   00000074  _RamfuncsRunSize                                
abs   00000400  __STACK_SIZE                                    
abs   ffffffff  ___TI_pprof_out_hndl                            
abs   ffffffff  ___TI_prof_data_size                            
abs   ffffffff  ___TI_prof_data_start                           
abs   ffffffff  ___binit__                                      
abs   ffffffff  ___c_args__                                     
abs   ffffffff  ___pinit__                                      
abs   ffffffff  binit                                           
abs   ffffffff  pinit                                           

[602 symbols]
