******************************************************************************
             TMS320C2000 Linker PC v20.2.1                     
******************************************************************************
>> Linked Sat Feb  4 14:00:43 2023

OUTPUT FILE NAME:   <../wednesday_stuff_NL.out>
ENTRY POINT SYMBOL: "_c_int00"  address: 00084394


MEMORY CONFIGURATION

         name            origin    length      used     unused   attr    fill
----------------------  --------  ---------  --------  --------  ----  --------
PAGE 0:
  BEGIN                 00000000   00000002  00000000  00000002  RWIX
  RAMLS_PROG            00008000   00002000  000000b3  00001f4d  RWIX
  BEGIN_FLASH           00080000   00000002  00000002  00000000  RWIX
  FLASHA_N              00080002   0003fffe  00004b0f  0003b4ef  RWIX
  RESET                 003fffc0   00000002  00000000  00000002  RWIX

PAGE 1:
  BOOT_RSVD             00000002   00000120  00000000  00000120  RWIX
  RAMM0M1               00000122   000006de  00000400  000002de  RWIX
  ADCARESULT            00000b00   00000018  00000018  00000000  RWIX
  ADCBRESULT            00000b20   00000018  00000018  00000000  RWIX
  ADCCRESULT            00000b40   00000018  00000018  00000000  RWIX
  ADCDRESULT            00000b60   00000018  00000018  00000000  RWIX
  CPU_TIMER0            00000c00   00000008  00000008  00000000  RWIX
  CPU_TIMER1            00000c08   00000008  00000008  00000000  RWIX
  CPU_TIMER2            00000c10   00000008  00000008  00000000  RWIX
  PIE_CTRL              00000ce0   00000020  0000001a  00000006  RWIX
  PIE_VECT              00000d00   00000200  000001c0  00000040  RWIX
  DMA                   00001000   00000200  000000e0  00000120  RWIX
  CLA1                  00001400   00000040  0000003e  00000002  RWIX
  CLA1_MSGRAMLOW        00001480   00000080  00000000  00000080  RWIX
  CLA1_MSGRAMHIGH       00001500   00000080  00000000  00000080  RWIX
  CLB1LOGICCFG          00003000   00000052  0000003e  00000014  RWIX
  CLB1LOGICCTRL         00003100   00000040  00000040  00000000  RWIX
  CLB1DATAEXCH          00003200   00000200  00000108  000000f8  RWIX
  CLB2LOGICCFG          00003400   00000052  0000003e  00000014  RWIX
  CLB2LOGICCTRL         00003500   00000040  00000040  00000000  RWIX
  CLB2DATAEXCH          00003600   00000200  00000108  000000f8  RWIX
  CLB3LOGICCFG          00003800   00000052  0000003e  00000014  RWIX
  CLB3LOGICCTRL         00003900   00000040  00000040  00000000  RWIX
  CLB3DATAEXCH          00003a00   00000200  00000108  000000f8  RWIX
  CLB4LOGICCFG          00003c00   00000052  0000003e  00000014  RWIX
  CLB4LOGICCTRL         00003d00   00000040  00000040  00000000  RWIX
  CLB4DATAEXCH          00003e00   00000200  00000108  000000f8  RWIX
  EPWM1                 00004000   00000100  00000100  00000000  RWIX
  EPWM2                 00004100   00000100  00000100  00000000  RWIX
  EPWM3                 00004200   00000100  00000100  00000000  RWIX
  EPWM4                 00004300   00000100  00000100  00000000  RWIX
  EPWM5                 00004400   00000100  00000100  00000000  RWIX
  EPWM6                 00004500   00000100  00000100  00000000  RWIX
  EPWM7                 00004600   00000100  00000100  00000000  RWIX
  EPWM8                 00004700   00000100  00000100  00000000  RWIX
  EPWM9                 00004800   00000100  00000100  00000000  RWIX
  EPWM10                00004900   00000100  00000100  00000000  RWIX
  EPWM11                00004a00   00000100  00000100  00000000  RWIX
  EPWM12                00004b00   00000100  00000100  00000000  RWIX
  ECAP1                 00005000   00000020  0000001a  00000006  RWIX
  ECAP2                 00005020   00000020  0000001a  00000006  RWIX
  ECAP3                 00005040   00000020  0000001a  00000006  RWIX
  ECAP4                 00005060   00000020  0000001a  00000006  RWIX
  ECAP5                 00005080   00000020  0000001a  00000006  RWIX
  ECAP6                 000050a0   00000020  0000001a  00000006  RWIX
  EQEP1                 00005100   00000040  00000022  0000001e  RWIX
  EQEP2                 00005140   00000040  00000022  0000001e  RWIX
  EQEP3                 00005180   00000040  00000022  0000001e  RWIX
  DACA                  00005c00   00000010  00000007  00000009  RWIX
  DACB                  00005c10   00000010  00000007  00000009  RWIX
  DACC                  00005c20   00000010  00000007  00000009  RWIX
  CMPSS1                00005c80   00000020  0000001b  00000005  RWIX
  CMPSS2                00005ca0   00000020  0000001b  00000005  RWIX
  CMPSS3                00005cc0   00000020  0000001b  00000005  RWIX
  CMPSS4                00005ce0   00000020  0000001b  00000005  RWIX
  CMPSS5                00005d00   00000020  0000001b  00000005  RWIX
  CMPSS6                00005d20   00000020  0000001b  00000005  RWIX
  CMPSS7                00005d40   00000020  0000001b  00000005  RWIX
  CMPSS8                00005d60   00000020  0000001b  00000005  RWIX
  SDFM1                 00005e00   00000080  00000048  00000038  RWIX
  SDFM2                 00005e80   00000080  00000048  00000038  RWIX
  MCBSPA                00006000   00000040  00000024  0000001c  RWIX
  MCBSPB                00006040   00000040  00000024  0000001c  RWIX
  SPIA                  00006100   00000010  00000010  00000000  RWIX
  SPIB                  00006110   00000010  00000010  00000000  RWIX
  SPIC                  00006120   00000010  00000010  00000000  RWIX
  SPID                  00006130   00000010  00000000  00000010  RWIX
  UPP                   00006200   00000100  00000048  000000b8  RWIX
  WD                    00007000   00000040  0000002b  00000015  RWIX
  NMIINTRUPT            00007060   00000010  00000007  00000009  RWIX
  XINT                  00007070   00000010  0000000b  00000005  RWIX
  SCIA                  00007200   00000010  00000010  00000000  RWIX
  SCIB                  00007210   00000010  00000010  00000000  RWIX
  SCIC                  00007220   00000010  00000010  00000000  RWIX
  SCID                  00007230   00000010  00000010  00000000  RWIX
  I2CA                  00007300   00000040  00000022  0000001e  RWIX
  I2CB                  00007340   00000040  00000022  0000001e  RWIX
  ADCA                  00007400   00000080  0000007c  00000004  RWIX
  ADCB                  00007480   00000080  0000007c  00000004  RWIX
  ADCC                  00007500   00000080  0000007c  00000004  RWIX
  ADCD                  00007580   00000080  0000007c  00000004  RWIX
  INPUT_XBAR            00007900   00000020  00000020  00000000  RWIX
  XBAR                  00007920   00000020  0000000e  00000012  RWIX
  SYNC_SOC              00007940   00000010  00000006  0000000a  RWIX
  DMACLASRCSEL          00007980   00000040  0000001a  00000026  RWIX
  EPWM_XBAR             00007a00   00000040  00000040  00000000  RWIX
  CLB_XBAR              00007a40   00000040  00000040  00000000  RWIX
  OUTPUT_XBAR           00007a80   00000040  00000040  00000000  RWIX
  GPIOCTRL              00007c00   00000180  00000180  00000000  RWIX
  GPIODAT               00007f00   00000030  00000030  00000000  RWIX
  RAMLS_DATA            0000a000   00001000  00000000  00001000  RWIX
  RAMD0D1               0000b000   00001000  00000000  00001000  RWIX
  RAMGS_IPCBuffCPU1     0000c000   00001000  00000000  00001000  RWIX
  RAMGS_IPCBuffCPU2     0000d000   00001000  00000000  00001000  RWIX
  RAMGS_DATA            0000e000   00007000  000047ba  00002846  RWIX
  CPU2TOCPU1RAM         0003f800   00000400  00000000  00000400  RWIX
  CPU1TOCPU2RAM         0003fc00   00000400  00000000  00000400  RWIX
  EMIF1                 00047000   00000800  00000028  000007d8  RWIX
  EMIF2                 00047800   00000800  00000028  000007d8  RWIX
  CANA                  00048000   00000200  00000164  0000009c  RWIX
  CANB                  0004a000   00000200  00000164  0000009c  RWIX
  IPC                   00050000   00000024  00000024  00000000  RWIX
  FLASHPUMPSEMAPHORE    00050024   00000002  00000002  00000000  RWIX
  DEV_CFG               0005d000   00000180  0000012e  00000052  RWIX
  ANALOG_SUBSYS         0005d180   00000080  0000003e  00000042  RWIX
  CLK_CFG               0005d200   00000100  00000032  000000ce  RWIX
  CPU_SYS               0005d300   00000100  00000082  0000007e  RWIX
  ROMPREFETCH           0005e608   00000002  00000002  00000000  RWIX
  DCSM_Z1               0005f000   00000030  00000022  0000000e  RWIX
  DCSM_Z2               0005f040   00000030  00000022  0000000e  RWIX
  DCSM_COMMON           0005f070   00000010  00000006  0000000a  RWIX
  MEMCFG                0005f400   00000080  00000076  0000000a  RWIX
  EMIF1CONFIG           0005f480   00000020  0000000a  00000016  RWIX
  EMIF2CONFIG           0005f4a0   00000020  0000000a  00000016  RWIX
  ACCESSPROTECTION      0005f4c0   00000040  0000002e  00000012  RWIX
  MEMORYERROR           0005f500   00000040  0000003a  00000006  RWIX
  ROMWAITSTATE          0005f540   00000002  00000002  00000000  RWIX
  FLASH0_CTRL           0005f800   00000300  00000182  0000017e  RWIX
  FLASH0_ECC            0005fb00   00000040  00000028  00000018  RWIX
  DCSM_Z1_OTP           00078000   00000020  00000000  00000020  RWIX
  DCSM_Z2_OTP           00078200   00000020  00000000  00000020  RWIX


SECTION ALLOCATION MAP

 output                                  attributes/
section   page    origin      length       input sections
--------  ----  ----------  ----------   ----------------
codestart 
*          0    00080000    00000002     
                  00080000    00000002     F2837xD_CodeStartBranch.obj (codestart)

ramfuncs   0    00080004    00000074     RUN ADDR = 00008000
                  00080004    0000004b     rtiostream_serial_c28x_ext_xcp.obj (ramfuncs:retain)
                  0008004f    00000029     datamodify_xcp.obj (ramfuncs)

AdcaResultRegsFile 
*          1    00000b00    00000018     UNINITIALIZED
                  00000b00    00000018     F2837xD_GlobalVariableDefs.obj (AdcaResultRegsFile)

AdcbResultRegsFile 
*          1    00000b20    00000018     UNINITIALIZED
                  00000b20    00000018     F2837xD_GlobalVariableDefs.obj (AdcbResultRegsFile)

AdccResultRegsFile 
*          1    00000b40    00000018     UNINITIALIZED
                  00000b40    00000018     F2837xD_GlobalVariableDefs.obj (AdccResultRegsFile)

AdcdResultRegsFile 
*          1    00000b60    00000018     UNINITIALIZED
                  00000b60    00000018     F2837xD_GlobalVariableDefs.obj (AdcdResultRegsFile)

CpuTimer0RegsFile 
*          1    00000c00    00000008     UNINITIALIZED
                  00000c00    00000008     F2837xD_GlobalVariableDefs.obj (CpuTimer0RegsFile)

CpuTimer1RegsFile 
*          1    00000c08    00000008     UNINITIALIZED
                  00000c08    00000008     F2837xD_GlobalVariableDefs.obj (CpuTimer1RegsFile)

CpuTimer2RegsFile 
*          1    00000c10    00000008     UNINITIALIZED
                  00000c10    00000008     F2837xD_GlobalVariableDefs.obj (CpuTimer2RegsFile)

PieCtrlRegsFile 
*          1    00000ce0    0000001a     UNINITIALIZED
                  00000ce0    0000001a     F2837xD_GlobalVariableDefs.obj (PieCtrlRegsFile)

PieVectTableFile 
*          1    00000d00    000001c0     UNINITIALIZED
                  00000d00    000001c0     F2837xD_GlobalVariableDefs.obj (PieVectTableFile)

EmuKeyVar 
*          1    00000d00    00000000     UNINITIALIZED

EmuBModeVar 
*          1    00000d00    00000000     UNINITIALIZED

FlashCallbackVar 
*          1    00000d00    00000000     UNINITIALIZED

FlashScalingVar 
*          1    00000d00    00000000     UNINITIALIZED

Cla1RegsFile 
*          1    00001400    0000003e     UNINITIALIZED
                  00001400    0000003e     F2837xD_GlobalVariableDefs.obj (Cla1RegsFile)

Clb1LogicCfgRegsFile 
*          1    00003000    0000003e     UNINITIALIZED
                  00003000    0000003e     F2837xD_GlobalVariableDefs.obj (Clb1LogicCfgRegsFile)

Clb1LogicCtrlRegsFile 
*          1    00003100    00000040     UNINITIALIZED
                  00003100    00000040     F2837xD_GlobalVariableDefs.obj (Clb1LogicCtrlRegsFile)

Clb2LogicCfgRegsFile 
*          1    00003400    0000003e     UNINITIALIZED
                  00003400    0000003e     F2837xD_GlobalVariableDefs.obj (Clb2LogicCfgRegsFile)

Clb2LogicCtrlRegsFile 
*          1    00003500    00000040     UNINITIALIZED
                  00003500    00000040     F2837xD_GlobalVariableDefs.obj (Clb2LogicCtrlRegsFile)

Clb3LogicCfgRegsFile 
*          1    00003800    0000003e     UNINITIALIZED
                  00003800    0000003e     F2837xD_GlobalVariableDefs.obj (Clb3LogicCfgRegsFile)

Clb3LogicCtrlRegsFile 
*          1    00003900    00000040     UNINITIALIZED
                  00003900    00000040     F2837xD_GlobalVariableDefs.obj (Clb3LogicCtrlRegsFile)

Clb4LogicCfgRegsFile 
*          1    00003c00    0000003e     UNINITIALIZED
                  00003c00    0000003e     F2837xD_GlobalVariableDefs.obj (Clb4LogicCfgRegsFile)

Clb4LogicCtrlRegsFile 
*          1    00003d00    00000040     UNINITIALIZED
                  00003d00    00000040     F2837xD_GlobalVariableDefs.obj (Clb4LogicCtrlRegsFile)

EPwm1RegsFile 
*          1    00004000    00000100     UNINITIALIZED
                  00004000    00000100     F2837xD_GlobalVariableDefs.obj (EPwm1RegsFile)

EPwm2RegsFile 
*          1    00004100    00000100     UNINITIALIZED
                  00004100    00000100     F2837xD_GlobalVariableDefs.obj (EPwm2RegsFile)

EPwm3RegsFile 
*          1    00004200    00000100     UNINITIALIZED
                  00004200    00000100     F2837xD_GlobalVariableDefs.obj (EPwm3RegsFile)

EPwm4RegsFile 
*          1    00004300    00000100     UNINITIALIZED
                  00004300    00000100     F2837xD_GlobalVariableDefs.obj (EPwm4RegsFile)

EPwm5RegsFile 
*          1    00004400    00000100     UNINITIALIZED
                  00004400    00000100     F2837xD_GlobalVariableDefs.obj (EPwm5RegsFile)

EPwm6RegsFile 
*          1    00004500    00000100     UNINITIALIZED
                  00004500    00000100     F2837xD_GlobalVariableDefs.obj (EPwm6RegsFile)

EPwm7RegsFile 
*          1    00004600    00000100     UNINITIALIZED
                  00004600    00000100     F2837xD_GlobalVariableDefs.obj (EPwm7RegsFile)

EPwm8RegsFile 
*          1    00004700    00000100     UNINITIALIZED
                  00004700    00000100     F2837xD_GlobalVariableDefs.obj (EPwm8RegsFile)

EPwm9RegsFile 
*          1    00004800    00000100     UNINITIALIZED
                  00004800    00000100     F2837xD_GlobalVariableDefs.obj (EPwm9RegsFile)

EPwm10RegsFile 
*          1    00004900    00000100     UNINITIALIZED
                  00004900    00000100     F2837xD_GlobalVariableDefs.obj (EPwm10RegsFile)

EPwm11RegsFile 
*          1    00004a00    00000100     UNINITIALIZED
                  00004a00    00000100     F2837xD_GlobalVariableDefs.obj (EPwm11RegsFile)

EPwm12RegsFile 
*          1    00004b00    00000100     UNINITIALIZED
                  00004b00    00000100     F2837xD_GlobalVariableDefs.obj (EPwm12RegsFile)

ECap1RegsFile 
*          1    00005000    0000001a     UNINITIALIZED
                  00005000    0000001a     F2837xD_GlobalVariableDefs.obj (ECap1RegsFile)

ECap2RegsFile 
*          1    00005020    0000001a     UNINITIALIZED
                  00005020    0000001a     F2837xD_GlobalVariableDefs.obj (ECap2RegsFile)

ECap3RegsFile 
*          1    00005040    0000001a     UNINITIALIZED
                  00005040    0000001a     F2837xD_GlobalVariableDefs.obj (ECap3RegsFile)

ECap4RegsFile 
*          1    00005060    0000001a     UNINITIALIZED
                  00005060    0000001a     F2837xD_GlobalVariableDefs.obj (ECap4RegsFile)

ECap5RegsFile 
*          1    00005080    0000001a     UNINITIALIZED
                  00005080    0000001a     F2837xD_GlobalVariableDefs.obj (ECap5RegsFile)

ECap6RegsFile 
*          1    000050a0    0000001a     UNINITIALIZED
                  000050a0    0000001a     F2837xD_GlobalVariableDefs.obj (ECap6RegsFile)

EQep1RegsFile 
*          1    00005100    00000022     UNINITIALIZED
                  00005100    00000022     F2837xD_GlobalVariableDefs.obj (EQep1RegsFile)

EQep2RegsFile 
*          1    00005140    00000022     UNINITIALIZED
                  00005140    00000022     F2837xD_GlobalVariableDefs.obj (EQep2RegsFile)

EQep3RegsFile 
*          1    00005180    00000022     UNINITIALIZED
                  00005180    00000022     F2837xD_GlobalVariableDefs.obj (EQep3RegsFile)

DacaRegsFile 
*          1    00005c00    00000007     UNINITIALIZED
                  00005c00    00000007     F2837xD_GlobalVariableDefs.obj (DacaRegsFile)

DacbRegsFile 
*          1    00005c10    00000007     UNINITIALIZED
                  00005c10    00000007     F2837xD_GlobalVariableDefs.obj (DacbRegsFile)

DaccRegsFile 
*          1    00005c20    00000007     UNINITIALIZED
                  00005c20    00000007     F2837xD_GlobalVariableDefs.obj (DaccRegsFile)

Cmpss1RegsFile 
*          1    00005c80    0000001b     UNINITIALIZED
                  00005c80    0000001b     F2837xD_GlobalVariableDefs.obj (Cmpss1RegsFile)

Cmpss2RegsFile 
*          1    00005ca0    0000001b     UNINITIALIZED
                  00005ca0    0000001b     F2837xD_GlobalVariableDefs.obj (Cmpss2RegsFile)

Cmpss3RegsFile 
*          1    00005cc0    0000001b     UNINITIALIZED
                  00005cc0    0000001b     F2837xD_GlobalVariableDefs.obj (Cmpss3RegsFile)

Cmpss4RegsFile 
*          1    00005ce0    0000001b     UNINITIALIZED
                  00005ce0    0000001b     F2837xD_GlobalVariableDefs.obj (Cmpss4RegsFile)

Cmpss5RegsFile 
*          1    00005d00    0000001b     UNINITIALIZED
                  00005d00    0000001b     F2837xD_GlobalVariableDefs.obj (Cmpss5RegsFile)

Cmpss6RegsFile 
*          1    00005d20    0000001b     UNINITIALIZED
                  00005d20    0000001b     F2837xD_GlobalVariableDefs.obj (Cmpss6RegsFile)

Cmpss7RegsFile 
*          1    00005d40    0000001b     UNINITIALIZED
                  00005d40    0000001b     F2837xD_GlobalVariableDefs.obj (Cmpss7RegsFile)

Cmpss8RegsFile 
*          1    00005d60    0000001b     UNINITIALIZED
                  00005d60    0000001b     F2837xD_GlobalVariableDefs.obj (Cmpss8RegsFile)

I2caRegsFile 
*          1    00007300    00000022     UNINITIALIZED
                  00007300    00000022     F2837xD_GlobalVariableDefs.obj (I2caRegsFile)

I2cbRegsFile 
*          1    00007340    00000022     UNINITIALIZED
                  00007340    00000022     F2837xD_GlobalVariableDefs.obj (I2cbRegsFile)

AdcaRegsFile 
*          1    00007400    0000007c     UNINITIALIZED
                  00007400    0000007c     F2837xD_GlobalVariableDefs.obj (AdcaRegsFile)

AdcbRegsFile 
*          1    00007480    0000007c     UNINITIALIZED
                  00007480    0000007c     F2837xD_GlobalVariableDefs.obj (AdcbRegsFile)

AdccRegsFile 
*          1    00007500    0000007c     UNINITIALIZED
                  00007500    0000007c     F2837xD_GlobalVariableDefs.obj (AdccRegsFile)

AdcdRegsFile 
*          1    00007580    0000007c     UNINITIALIZED
                  00007580    0000007c     F2837xD_GlobalVariableDefs.obj (AdcdRegsFile)

CanaRegsFile 
*          1    00048000    00000164     UNINITIALIZED
                  00048000    00000164     F2837xD_GlobalVariableDefs.obj (CanaRegsFile)

CanbRegsFile 
*          1    0004a000    00000164     UNINITIALIZED
                  0004a000    00000164     F2837xD_GlobalVariableDefs.obj (CanbRegsFile)

AnalogSubsysRegsFile 
*          1    0005d180    0000003e     UNINITIALIZED
                  0005d180    0000003e     F2837xD_GlobalVariableDefs.obj (AnalogSubsysRegsFile)

Cla1SoftIntRegsFile 
*          1    00000ce0    00000000     DSECT

Clb1DataExchRegsFile 
*          1    00003200    00000108     UNINITIALIZED
                  00003200    00000108     F2837xD_GlobalVariableDefs.obj (Clb1DataExchRegsFile)

Clb2DataExchRegsFile 
*          1    00003600    00000108     UNINITIALIZED
                  00003600    00000108     F2837xD_GlobalVariableDefs.obj (Clb2DataExchRegsFile)

Clb3DataExchRegsFile 
*          1    00003a00    00000108     UNINITIALIZED
                  00003a00    00000108     F2837xD_GlobalVariableDefs.obj (Clb3DataExchRegsFile)

Clb4DataExchRegsFile 
*          1    00003e00    00000108     UNINITIALIZED
                  00003e00    00000108     F2837xD_GlobalVariableDefs.obj (Clb4DataExchRegsFile)

Sdfm1RegsFile 
*          1    00005e00    00000048     UNINITIALIZED
                  00005e00    00000048     F2837xD_GlobalVariableDefs.obj (Sdfm1RegsFile)

Sdfm2RegsFile 
*          1    00005e80    00000048     UNINITIALIZED
                  00005e80    00000048     F2837xD_GlobalVariableDefs.obj (Sdfm2RegsFile)

McbspaRegsFile 
*          1    00006000    00000024     UNINITIALIZED
                  00006000    00000024     F2837xD_GlobalVariableDefs.obj (McbspaRegsFile)

McbspbRegsFile 
*          1    00006040    00000024     UNINITIALIZED
                  00006040    00000024     F2837xD_GlobalVariableDefs.obj (McbspbRegsFile)

SpiaRegsFile 
*          1    00006100    00000010     UNINITIALIZED
                  00006100    00000010     F2837xD_GlobalVariableDefs.obj (SpiaRegsFile)

SpibRegsFile 
*          1    00006110    00000010     UNINITIALIZED
                  00006110    00000010     F2837xD_GlobalVariableDefs.obj (SpibRegsFile)

SpicRegsFile 
*          1    00006120    00000010     UNINITIALIZED
                  00006120    00000010     F2837xD_GlobalVariableDefs.obj (SpicRegsFile)

UppRegsFile 
*          1    00006200    00000048     UNINITIALIZED
                  00006200    00000048     F2837xD_GlobalVariableDefs.obj (UppRegsFile)

WdRegsFile 
*          1    00007000    0000002b     UNINITIALIZED
                  00007000    0000002b     F2837xD_GlobalVariableDefs.obj (WdRegsFile)

NmiIntruptRegsFile 
*          1    00007060    00000007     UNINITIALIZED
                  00007060    00000007     F2837xD_GlobalVariableDefs.obj (NmiIntruptRegsFile)

XintRegsFile 
*          1    00007070    0000000b     UNINITIALIZED
                  00007070    0000000b     F2837xD_GlobalVariableDefs.obj (XintRegsFile)

SciaRegsFile 
*          1    00007200    00000010     UNINITIALIZED
                  00007200    00000010     F2837xD_GlobalVariableDefs.obj (SciaRegsFile)

ScibRegsFile 
*          1    00007210    00000010     UNINITIALIZED
                  00007210    00000010     F2837xD_GlobalVariableDefs.obj (ScibRegsFile)

ScicRegsFile 
*          1    00007220    00000010     UNINITIALIZED
                  00007220    00000010     F2837xD_GlobalVariableDefs.obj (ScicRegsFile)

ScidRegsFile 
*          1    00007230    00000010     UNINITIALIZED
                  00007230    00000010     F2837xD_GlobalVariableDefs.obj (ScidRegsFile)

InputXbarRegsFile 
*          1    00007900    00000020     UNINITIALIZED
                  00007900    00000020     F2837xD_GlobalVariableDefs.obj (InputXbarRegsFile)

XbarRegsFile 
*          1    00007920    0000000e     UNINITIALIZED
                  00007920    0000000e     F2837xD_GlobalVariableDefs.obj (XbarRegsFile)

SyncSocRegsFile 
*          1    00007940    00000006     UNINITIALIZED
                  00007940    00000006     F2837xD_GlobalVariableDefs.obj (SyncSocRegsFile)

EPwmXbarRegsFile 
*          1    00007a00    00000040     UNINITIALIZED
                  00007a00    00000040     F2837xD_GlobalVariableDefs.obj (EPwmXbarRegsFile)

ClbXbarRegsFile 
*          1    00007a40    00000040     UNINITIALIZED
                  00007a40    00000040     F2837xD_GlobalVariableDefs.obj (ClbXbarRegsFile)

OutputXbarRegsFile 
*          1    00007a80    00000040     UNINITIALIZED
                  00007a80    00000040     F2837xD_GlobalVariableDefs.obj (OutputXbarRegsFile)

GpioCtrlRegsFile 
*          1    00007c00    00000180     UNINITIALIZED
                  00007c00    00000180     F2837xD_GlobalVariableDefs.obj (GpioCtrlRegsFile)

GpioDataRegsFile 
*          1    00007f00    00000030     UNINITIALIZED
                  00007f00    00000030     F2837xD_GlobalVariableDefs.obj (GpioDataRegsFile)

IpcRegsFile 
*          1    00050000    00000024     UNINITIALIZED
                  00050000    00000024     F2837xD_GlobalVariableDefs.obj (IpcRegsFile)

FlashPumpSemaphoreRegsFile 
*          1    00050024    00000002     UNINITIALIZED
                  00050024    00000002     F2837xD_GlobalVariableDefs.obj (FlashPumpSemaphoreRegsFile)

RomPrefetchRegsFile 
*          1    0005e608    00000002     UNINITIALIZED
                  0005e608    00000002     F2837xD_GlobalVariableDefs.obj (RomPrefetchRegsFile)

DcsmZ1RegsFile 
*          1    0005f000    00000022     UNINITIALIZED
                  0005f000    00000022     F2837xD_GlobalVariableDefs.obj (DcsmZ1RegsFile)

DcsmZ2RegsFile 
*          1    0005f040    00000022     UNINITIALIZED
                  0005f040    00000022     F2837xD_GlobalVariableDefs.obj (DcsmZ2RegsFile)

DcsmCommonRegsFile 
*          1    0005f070    00000006     UNINITIALIZED
                  0005f070    00000006     F2837xD_GlobalVariableDefs.obj (DcsmCommonRegsFile)

DmaRegsFile 
*          1    00001000    000000e0     UNINITIALIZED
                  00001000    000000e0     F2837xD_GlobalVariableDefs.obj (DmaRegsFile)

DmaClaSrcSelRegsFile 
*          1    00007980    0000001a     UNINITIALIZED
                  00007980    0000001a     F2837xD_GlobalVariableDefs.obj (DmaClaSrcSelRegsFile)

Emif1RegsFile 
*          1    00047000    00000028     UNINITIALIZED
                  00047000    00000028     F2837xD_GlobalVariableDefs.obj (Emif1RegsFile)

Emif2RegsFile 
*          1    00047800    00000028     UNINITIALIZED
                  00047800    00000028     F2837xD_GlobalVariableDefs.obj (Emif2RegsFile)

MemCfgRegsFile 
*          1    0005f400    00000076     UNINITIALIZED
                  0005f400    00000076     F2837xD_GlobalVariableDefs.obj (MemCfgRegsFile)

Emif1ConfigRegsFile 
*          1    0005f480    0000000a     UNINITIALIZED
                  0005f480    0000000a     F2837xD_GlobalVariableDefs.obj (Emif1ConfigRegsFile)

Emif2ConfigRegsFile 
*          1    0005f4a0    0000000a     UNINITIALIZED
                  0005f4a0    0000000a     F2837xD_GlobalVariableDefs.obj (Emif2ConfigRegsFile)

AccessProtectionRegsFile 
*          1    0005f4c0    0000002e     UNINITIALIZED
                  0005f4c0    0000002e     F2837xD_GlobalVariableDefs.obj (AccessProtectionRegsFile)

MemoryErrorRegsFile 
*          1    0005f500    0000003a     UNINITIALIZED
                  0005f500    0000003a     F2837xD_GlobalVariableDefs.obj (MemoryErrorRegsFile)

RomWaitStateRegsFile 
*          1    0005f540    00000002     UNINITIALIZED
                  0005f540    00000002     F2837xD_GlobalVariableDefs.obj (RomWaitStateRegsFile)

Flash0CtrlRegsFile 
*          1    0005f800    00000182     UNINITIALIZED
                  0005f800    00000182     F2837xD_GlobalVariableDefs.obj (Flash0CtrlRegsFile)

Flash0EccRegsFile 
*          1    0005fb00    00000028     UNINITIALIZED
                  0005fb00    00000028     F2837xD_GlobalVariableDefs.obj (Flash0EccRegsFile)

DevCfgRegsFile 
*          1    0005d000    0000012e     UNINITIALIZED
                  0005d000    0000012e     F2837xD_GlobalVariableDefs.obj (DevCfgRegsFile)

ClkCfgRegsFile 
*          1    0005d200    00000032     UNINITIALIZED
                  0005d200    00000032     F2837xD_GlobalVariableDefs.obj (ClkCfgRegsFile)

CpuSysRegsFile 
*          1    0005d300    00000082     UNINITIALIZED
                  0005d300    00000082     F2837xD_GlobalVariableDefs.obj (CpuSysRegsFile)

.cinit     0    00084900    000001ba     
                  00084900    0000005b     xcp_ext_classic_trigger.obj (.cinit)
                  0008495b    00000055     wednesday_stuff_NL_data.obj (.cinit)
                  000849b0    0000004c     xcp_ext_common.obj (.cinit)
                  000849fc    0000001e     xcp_daq.obj (.cinit)
                  00084a1a    00000014     xcp.obj (.cinit)
                  00084a2e    00000014     xcp_frame_serial.obj (.cinit)
                  00084a42    0000000f     xcp_standard.obj (.cinit)
                  00084a51    0000000e     rts2800_fpu32.lib : exit.c.obj (.cinit)
                  00084a5f    0000000a     c2837xDBoard_Realtime_Support.obj (.cinit)
                  00084a69    00000009     xcp_mem_default.obj (.cinit:_xcpMemMainBlockSizes)
                  00084a72    00000009     xcp_mem_default.obj (.cinit:_xcpMemMainBlocksNumber)
                  00084a7b    00000008     xcp_drv_rtiostream.obj (.cinit)
                  00084a83    00000008     xcp_transport.obj (.cinit)
                  00084a8b    00000006     ert_main.obj (.cinit:_isRateRunning)
                  00084a91    00000006     ert_main.obj (.cinit:_need2runFlags)
                  00084a97    00000005     rts2800_fpu32.lib : _lock.c.obj (.cinit:__lock)
                  00084a9c    00000005                       : _lock.c.obj (.cinit:__unlock)
                  00084aa1    00000005     xcp_ext_common.obj (.cinit:_xcpCurrentSimulationTimeInTicks)
                  00084aa6    00000005     rtiostream_serial_c28x_ext_xcp.obj (.cinit)
                  00084aab    00000005     xcp_calibration.obj (.cinit)
                  00084ab0    00000004     MW_c28xGPIO.obj (.cinit)
                  00084ab4    00000004     ert_main.obj (.cinit)
                  00084ab8    00000002     --HOLE-- [fill = 0]

.pinit     0    00080004    00000000     UNINITIALIZED

.text      0    00080078    000045ea     
                  00080078    00000cd0     xcp_daq.obj (.text)
                  00080d48    000006cc     wednesday_stuff_NL.obj (.text)
                  00081414    00000585     F2837xD_DefaultISR.obj (.text:retain)
                  00081999    000004aa     F2837xD_SysCtrl.obj (.text)
                  00081e43    0000047e     xcp_mem_default.obj (.text)
                  000822c1    000003b5     xcp.obj (.text)
                  00082676    000002ea     xcp_transport.obj (.text)
                  00082960    000002da     F2837xD_Ipc_Driver_Lite.obj (.text)
                  00082c3a    0000029c     c2837xDBoard_Realtime_Support.obj (.text)
                  00082ed6    00000244     F2837xD_Gpio.obj (.text)
                  0008311a    0000022a     xcp_standard.obj (.text)
                  00083344    0000020f     xcp_frame_serial.obj (.text)
                  00083553    000001b7     xcp_ext_classic_trigger.obj (.text)
                  0008370a    00000193     xcp_ext_common.obj (.text)
                  0008389d    00000170     xcp_ext_mode.obj (.text)
                  00083a0d    0000016a     xcp_drv_rtiostream.obj (.text)
                  00083b77    0000011c     rtiostream_serial_c28x_ext_xcp.obj (.text)
                  00083c93    00000103     ert_main.obj (.text)
                  00083d96    000000e6     c2837xDBoard_Realtime_Support.obj (.text:retain)
                  00083e7c    000000d4     xcp_calibration.obj (.text)
                  00083f50    000000b9     datamodify_xcp.obj (.text)
                  00084009    000000a3     MW_c28xx_board.obj (.text)
                  000840ac    00000092     rt_nonfinite.obj (.text)
                  0008413e    0000007c     F2837xD_CpuTimers.obj (.text)
                  000841ba    00000070     c2837xDSchedulerTimer0.obj (.text)
                  0008422a    0000005f     xcp_fifo.obj (.text)
                  00084289    0000005a     xcp_utils.obj (.text)
                  000842e3    00000059     rts2800_fpu32.lib : s_floorf.c.obj (.text)
                  0008433c    00000058                       : s_ceilf.c.obj (.text)
                  00084394    00000056                       : boot28.asm.obj (.text)
                  000843ea    0000004e     MW_c28xx_qep.obj (.text)
                  00084438    00000044     c2837xDSchedulerTimer0.obj (.text:retain)
                  0008447c    00000044     rtGetInf.obj (.text)
                  000844c0    00000032     MW_c28xx_pwm.obj (.text)
                  000844f2    00000031     MW_c28xGPIO.obj (.text)
                  00084523    0000002a     rtGetNaN.obj (.text)
                  0008454d    00000029     rts2800_fpu32.lib : exit.c.obj (.text)
                  00084576    00000028     F2837xD_PieCtrl.obj (.text)
                  0008459e    00000026     F2837xD_PieVect.obj (.text)
                  000845c4    00000024     rts2800_fpu32.lib : cpy_tbl.c.obj (.text)
                  000845e8    0000001f     xcp_ext_param_default_serial.obj (.text)
                  00084607    0000001d     rts2800_fpu32.lib : memcpy.c.obj (.text)
                  00084624    00000012                       : args_main.c.obj (.text)
                  00084636    00000011     MW_c28xGlobalInterrupts.obj (.text)
                  00084647    00000009     rts2800_fpu32.lib : _lock.c.obj (.text)
                  00084650    00000008     F2837xD_CodeStartBranch.obj (.text)
                  00084658    00000007     rts2800_fpu32.lib : memset.c.obj (.text)
                  0008465f    00000002                       : pre_init.c.obj (.text)
                  00084661    00000001                       : startup.c.obj (.text)

.TI.ramfunc 
*          0    00084664    0000003f     RUN ADDR = 00008074
                  00084664    00000037     F2837xD_SysCtrl.obj (.TI.ramfunc)
                  0008469b    00000004     F2837xD_usDelay.obj (.TI.ramfunc)
                  0008469f    00000004     sysctl.obj (.TI.ramfunc)

.econst    0    000846a4    0000025a     
                  000846a4    000001c0     F2837xD_PieVect.obj (.econst:_PieVectTableInit)
                  00084864    00000048     xcp_daq.obj (.econst:_daqSupportedRxPacket)
                  000848ac    0000002a     xcp_standard.obj (.econst:_standardSupportedRxPacket)
                  000848d6    00000012     wednesday_stuff_NL.obj (.econst:.string)
                  000848e8    0000000c     xcp_calibration.obj (.econst:_calibrationSupportedRxPacket)
                  000848f4    00000004     wednesday_stuff_NL.obj (.econst)
                  000848f8    00000002     rtGetNaN.obj (.econst:_$P$T0$1)
                  000848fa    00000002     rts2800_fpu32.lib : s_ceilf.c.obj (.econst)
                  000848fc    00000002                       : s_floorf.c.obj (.econst)

.switch    0    00084abc    0000005e     
                  00084abc    00000024     c2837xDBoard_Realtime_Support.obj (.switch:_CPU02toCPU01IPC0IntHandler)
                  00084ae0    0000001e     xcp.obj (.switch:_genericOutputPacketHandler)
                  00084afe    0000001c     c2837xDBoard_Realtime_Support.obj (.switch:_setInXBARForCPU2)

.stack     1    00000122    00000400     UNINITIALIZED
                  00000122    00000400     --HOLE--

.reset     0    003fffc0    00000002     DSECT
                  003fffc0    00000002     rts2800_fpu32.lib : boot28.asm.obj (.reset)

GETBUFFER 
*          0    0003f800    00000000     DSECT

GETWRITEIDX 
*          0    0003f800    00000000     DSECT

PUTREADIDX 
*          0    0003f800    00000000     DSECT

WRITEFLAG1CPU2 
*          0    0003f800    00000000     DSECT

WRITEFLAG2CPU2 
*          0    0003f800    00000000     DSECT

READFLAG1CPU2 
*          0    0003f800    00000000     DSECT

READFLAG2CPU2 
*          0    0003f800    00000000     DSECT

.ebss      1    0000e000    000047ba     UNINITIALIZED
                  0000e000    00004132     wednesday_stuff_NL.obj (.ebss)
                  00012132    0000000c     rt_nonfinite.obj (.ebss)
                  0001213e    00000002     rts2800_fpu32.lib : _lock.c.obj (.ebss:__lock)
                  00012140    0000034d     xcp_mem_default.obj (.ebss:_xcpMemReservedPoolsChunk)
                  0001248d    00000001     MW_c28xGPIO.obj (.ebss)
                  0001248e    0000001e     xcp_ext_common.obj (.ebss)
                  000124ac    00000008     xcp.obj (.ebss:_groupPacketLookup)
                  000124b4    00000008     xcp_transport.obj (.ebss:_txFifo)
                  000124bc    00000004     xcp_transport.obj (.ebss:_rxFifo)
                  000124c0    0000017b     xcp_mem_default.obj (.ebss:_xcpMemMainChunk)
                  0001263b    00000005     xcp.obj (.ebss)
                  00012640    00000052     wednesday_stuff_NL_data.obj (.ebss)
                  00012692    0000001c     xcp_ext_classic_trigger.obj (.ebss)
                  000126ae    00000008     xcp_standard.obj (.ebss)
                  000126b6    00000006     xcp_ext_mode.obj (.ebss:_xcpCustomTriggerFunction)
                  000126bc    00000004     wednesday_stuff_NL.obj (.ebss:_systemRan$3)
                  000126c0    00000048     xcp_mem_default.obj (.ebss:_xcpMemPoolDescriptors)
                  00012708    00000018     F2837xD_CpuTimers.obj (.ebss)
                  00012720    00000018     xcp_daq.obj (.ebss)
                  00012738    00000006     xcp_mem_default.obj (.ebss:_xcpMemMainBlockSizes)
                  0001273e    00000002     rts2800_fpu32.lib : _lock.c.obj (.ebss:__unlock)
                  00012740    00000042     datamodify_xcp.obj (.ebss)
                  00012782    00000006     xcp_mem_default.obj (.ebss:_xcpMemMainBlocksNumber)
                  00012788    00000006     c2837xDBoard_Realtime_Support.obj (.ebss)
                  0001278e    00000006     rts2800_fpu32.lib : exit.c.obj (.ebss)
                  00012794    00000005     xcp_frame_serial.obj (.ebss)
                  00012799    00000001     MW_c28xGlobalInterrupts.obj (.ebss)
                  0001279a    00000004     xcp_ext_common.obj (.ebss:_xcpCurrentSimulationTimeInTicks)
                  0001279e    00000004     xcp_mem_default.obj (.ebss:_xcpMemCustomPoolDescriptors)
                  000127a2    00000004     xcp_mem_default.obj (.ebss)
                  000127a6    00000004     xcp_transport.obj (.ebss)
                  000127aa    00000003     ert_main.obj (.ebss:_isRateRunning)
                  000127ad    00000003     ert_main.obj (.ebss:_need2runFlags)
                  000127b0    00000003     ert_main.obj (.ebss)
                  000127b3    00000001     --HOLE--
                  000127b4    00000002     rtiostream_serial_c28x_ext_xcp.obj (.ebss)
                  000127b6    00000002     xcp_calibration.obj (.ebss)
                  000127b8    00000002     xcp_drv_rtiostream.obj (.ebss)

MODULE SUMMARY

       Module                               code    initialized data   uninitialized data
       ------                               ----    ----------------   ------------------
    <current directory>
       wednesday_stuff_NL.obj               1740    22                 16694             
       F2837xD_GlobalVariableDefs.obj       0       0                  9854              
       xcp_daq.obj                          3280    102                24                
       xcp_mem_default.obj                  1150    18                 1316              
       F2837xD_DefaultISR.obj               1413    0                  0                 
       F2837xD_SysCtrl.obj                  1304    0                  0                 
       xcp.obj                              949     50                 13                
       c2837xDBoard_Realtime_Support.obj    898     74                 6                 
       xcp_transport.obj                    746     8                  16                
       F2837xD_Ipc_Driver_Lite.obj          730     0                  0                 
       xcp_standard.obj                     554     57                 8                 
       F2837xD_Gpio.obj                     580     0                  0                 
       xcp_ext_classic_trigger.obj          439     91                 28                
       xcp_frame_serial.obj                 527     20                 5                 
       xcp_ext_common.obj                   403     81                 34                
       F2837xD_PieVect.obj                  38      448                0                 
       rtiostream_serial_c28x_ext_xcp.obj   434     5                  2                 
       xcp_ext_mode.obj                     368     0                  6                 
       xcp_drv_rtiostream.obj               362     8                  2                 
       datamodify_xcp.obj                   267     0                  66                
       ert_main.obj                         259     16                 9                 
       xcp_calibration.obj                  212     17                 2                 
       c2837xDSchedulerTimer0.obj           180     0                  0                 
       wednesday_stuff_NL_data.obj          0       85                 82                
       MW_c28xx_board.obj                   163     0                  0                 
       rt_nonfinite.obj                     146     0                  12                
       F2837xD_CpuTimers.obj                124     0                  24                
       xcp_fifo.obj                         95      0                  0                 
       xcp_utils.obj                        90      0                  0                 
       MW_c28xx_qep.obj                     78      0                  0                 
       rtGetInf.obj                         68      0                  0                 
       MW_c28xGPIO.obj                      49      4                  1                 
       MW_c28xx_pwm.obj                     50      0                  0                 
       rtGetNaN.obj                         42      2                  0                 
       F2837xD_PieCtrl.obj                  40      0                  0                 
       xcp_ext_param_default_serial.obj     31      0                  0                 
       MW_c28xGlobalInterrupts.obj          17      0                  1                 
       F2837xD_CodeStartBranch.obj          10      0                  0                 
       F2837xD_usDelay.obj                  8       0                  0                 
       sysctl.obj                           8       0                  0                 
    +--+------------------------------------+-------+------------------+--------------------+
       Total:                               17852   1108               28205             
                                                                                         
    C:/PROGRA~3/MATLAB/SUPPOR~1/3P778C~1.INS/TIC28X~1.INS/TI-CGT~1.LTS/lib/rts2800_fpu32.lib
       s_floorf.c.obj                       89      2                  0                 
       s_ceilf.c.obj                        88      2                  0                 
       boot28.asm.obj                       86      0                  0                 
       exit.c.obj                           41      14                 6                 
       cpy_tbl.c.obj                        36      0                  0                 
       memcpy.c.obj                         29      0                  0                 
       _lock.c.obj                          9       10                 4                 
       args_main.c.obj                      18      0                  0                 
       memset.c.obj                         7       0                  0                 
       pre_init.c.obj                       2       0                  0                 
       startup.c.obj                        1       0                  0                 
    +--+------------------------------------+-------+------------------+--------------------+
       Total:                               406     28                 10                
                                                                                         
       Stack:                               0       0                  1024              
    +--+------------------------------------+-------+------------------+--------------------+
       Grand Total:                         18258   1136               29239             


GLOBAL DATA SYMBOLS: SORTED BY DATA PAGE

address     data page           name
--------    ----------------    ----
00000122       4 (00000100)     __stack

00000b00      2c (00000b00)     _AdcaResultRegs
00000b20      2c (00000b00)     _AdcbResultRegs

00000b40      2d (00000b40)     _AdccResultRegs
00000b60      2d (00000b40)     _AdcdResultRegs

00000c00      30 (00000c00)     _CpuTimer0Regs
00000c08      30 (00000c00)     _CpuTimer1Regs
00000c10      30 (00000c00)     _CpuTimer2Regs

00000ce0      33 (00000cc0)     _PieCtrlRegs

00000d00      34 (00000d00)     _PieVectTable

00001000      40 (00001000)     _DmaRegs

00001400      50 (00001400)     _Cla1Regs

00003000      c0 (00003000)     _Clb1LogicCfgRegs

00003100      c4 (00003100)     _Clb1LogicCtrlRegs

00003200      c8 (00003200)     _Clb1DataExchRegs

00003400      d0 (00003400)     _Clb2LogicCfgRegs

00003500      d4 (00003500)     _Clb2LogicCtrlRegs

00003600      d8 (00003600)     _Clb2DataExchRegs

00003800      e0 (00003800)     _Clb3LogicCfgRegs

00003900      e4 (00003900)     _Clb3LogicCtrlRegs

00003a00      e8 (00003a00)     _Clb3DataExchRegs

00003c00      f0 (00003c00)     _Clb4LogicCfgRegs

00003d00      f4 (00003d00)     _Clb4LogicCtrlRegs

00003e00      f8 (00003e00)     _Clb4DataExchRegs

00004000     100 (00004000)     _EPwm1Regs

00004100     104 (00004100)     _EPwm2Regs

00004200     108 (00004200)     _EPwm3Regs

00004300     10c (00004300)     _EPwm4Regs

00004400     110 (00004400)     _EPwm5Regs

00004500     114 (00004500)     _EPwm6Regs

00004600     118 (00004600)     _EPwm7Regs

00004700     11c (00004700)     _EPwm8Regs

00004800     120 (00004800)     _EPwm9Regs

00004900     124 (00004900)     _EPwm10Regs

00004a00     128 (00004a00)     _EPwm11Regs

00004b00     12c (00004b00)     _EPwm12Regs

00005000     140 (00005000)     _ECap1Regs
00005020     140 (00005000)     _ECap2Regs

00005040     141 (00005040)     _ECap3Regs
00005060     141 (00005040)     _ECap4Regs

00005080     142 (00005080)     _ECap5Regs
000050a0     142 (00005080)     _ECap6Regs

00005100     144 (00005100)     _EQep1Regs

00005140     145 (00005140)     _EQep2Regs

00005180     146 (00005180)     _EQep3Regs

00005c00     170 (00005c00)     _DacaRegs
00005c10     170 (00005c00)     _DacbRegs
00005c20     170 (00005c00)     _DaccRegs

00005c80     172 (00005c80)     _Cmpss1Regs
00005ca0     172 (00005c80)     _Cmpss2Regs

00005cc0     173 (00005cc0)     _Cmpss3Regs
00005ce0     173 (00005cc0)     _Cmpss4Regs

00005d00     174 (00005d00)     _Cmpss5Regs
00005d20     174 (00005d00)     _Cmpss6Regs

00005d40     175 (00005d40)     _Cmpss7Regs
00005d60     175 (00005d40)     _Cmpss8Regs

00005e00     178 (00005e00)     _Sdfm1Regs

00005e80     17a (00005e80)     _Sdfm2Regs

00006000     180 (00006000)     _McbspaRegs

00006040     181 (00006040)     _McbspbRegs

00006100     184 (00006100)     _SpiaRegs
00006110     184 (00006100)     _SpibRegs
00006120     184 (00006100)     _SpicRegs

00006200     188 (00006200)     _UppRegs

00007000     1c0 (00007000)     _WdRegs

00007060     1c1 (00007040)     _NmiIntruptRegs
00007070     1c1 (00007040)     _XintRegs

00007200     1c8 (00007200)     _SciaRegs
00007210     1c8 (00007200)     _ScibRegs
00007220     1c8 (00007200)     _ScicRegs
00007230     1c8 (00007200)     _ScidRegs

00007300     1cc (00007300)     _I2caRegs

00007340     1cd (00007340)     _I2cbRegs

00007400     1d0 (00007400)     _AdcaRegs

00007480     1d2 (00007480)     _AdcbRegs

00007500     1d4 (00007500)     _AdccRegs

00007580     1d6 (00007580)     _AdcdRegs

00007900     1e4 (00007900)     _InputXbarRegs
00007920     1e4 (00007900)     _XbarRegs

00007940     1e5 (00007940)     _SyncSocRegs

00007980     1e6 (00007980)     _DmaClaSrcSelRegs

00007a00     1e8 (00007a00)     _EPwmXbarRegs

00007a40     1e9 (00007a40)     _ClbXbarRegs

00007a80     1ea (00007a80)     _OutputXbarRegs

00007c00     1f0 (00007c00)     _GpioCtrlRegs

00007f00     1fc (00007f00)     _GpioDataRegs

0000e00a     380 (0000e000)     _wednesday_stuff_NL_B

0000e100     384 (0000e100)     _wednesday_stuff_NL_DW

00012132     484 (00012100)     _rtInf
00012134     484 (00012100)     _rtMinusInf
00012136     484 (00012100)     _rtNaN
00012138     484 (00012100)     _rtInfF
0001213a     484 (00012100)     _rtMinusInfF
0001213c     484 (00012100)     _rtNaNF
0001213e     484 (00012100)     __lock

0001248d     492 (00012480)     _GPIO_oneTimeInit
0001248e     492 (00012480)     _xcpModelStartRequest
0001248f     492 (00012480)     _xcpModelStopRequest
00012490     492 (00012480)     _xcpModelStatus
00012491     492 (00012480)     _xcpExtmodeSimulationComplete
00012494     492 (00012480)     _xcpModelChecksum0
00012496     492 (00012480)     _xcpModelChecksum1
00012498     492 (00012480)     _xcpModelChecksum2
0001249a     492 (00012480)     _xcpModelChecksum3
0001249c     492 (00012480)     _xcpModelIntegerCode
0001249e     492 (00012480)     _xcpExtmodeFinalSimulationTime
000124a0     492 (00012480)     _xcpDummyDoubleVariable

00012640     499 (00012640)     _wednesday_stuff_NL_P

00012692     49a (00012680)     _xcpClassicTriggerEventId
00012693     49a (00012680)     _xcpClassicTriggerSignalAddressExtension
00012694     49a (00012680)     _xcpClassicTriggerDirection
00012695     49a (00012680)     _xcpClassicTriggerArmRequest
00012696     49a (00012680)     _xcpClassicTriggerCancelRequest
00012697     49a (00012680)     _xcpClassicTriggerSource
00012698     49a (00012680)     _xcpClassicTriggerMode
00012699     49a (00012680)     _xcpClassicTriggerStatus
000126a0     49a (00012680)     _xcpClassicTriggerSignalAddress
000126a2     49a (00012680)     _xcpClassicTriggerLevel
000126a4     49a (00012680)     _xcpClassicTriggerDuration
000126a6     49a (00012680)     _xcpClassicTriggerHoldOff
000126a8     49a (00012680)     _xcpClassicTriggerDelay

00012708     49c (00012700)     _CpuTimer0
00012710     49c (00012700)     _CpuTimer1
00012718     49c (00012700)     _CpuTimer2
0001273e     49c (00012700)     __unlock

00012740     49d (00012740)     _queRx

00012788     49e (00012780)     _ErrorFlag
0001278a     49e (00012780)     _mwInitStart
0001278c     49e (00012780)     _mwInitEnd
0001278e     49e (00012780)     ___TI_enable_exit_profile_output
00012790     49e (00012780)     ___TI_cleanup_ptr
00012792     49e (00012780)     ___TI_dtors_ptr
00012799     49e (00012780)     _MW_InterruptDisableLock
0001279a     49e (00012780)     _xcpCurrentSimulationTimeInTicks
000127aa     49e (00012780)     _isRateRunning
000127ad     49e (00012780)     _need2runFlags
000127b0     49e (00012780)     _IsrOverrun
000127b1     49e (00012780)     _stopRequested
000127b2     49e (00012780)     _runModel
000127b4     49e (00012780)     _MW_SCI_PTR

00047000    11c0 (00047000)     _Emif1Regs

00047800    11e0 (00047800)     _Emif2Regs

00048000    1200 (00048000)     _CanaRegs

0004a000    1280 (0004a000)     _CanbRegs

00050000    1400 (00050000)     _IpcRegs
00050024    1400 (00050000)     _FlashPumpSemaphoreRegs

0005d000    1740 (0005d000)     _DevCfgRegs

0005d180    1746 (0005d180)     _AnalogSubsysRegs

0005d200    1748 (0005d200)     _ClkCfgRegs

0005d300    174c (0005d300)     _CpuSysRegs

0005e608    1798 (0005e600)     _RomPrefetchRegs

0005f000    17c0 (0005f000)     _DcsmZ1Regs

0005f040    17c1 (0005f040)     _DcsmZ2Regs
0005f070    17c1 (0005f040)     _DcsmCommonRegs

0005f400    17d0 (0005f400)     _MemCfgRegs

0005f480    17d2 (0005f480)     _Emif1ConfigRegs
0005f4a0    17d2 (0005f480)     _Emif2ConfigRegs

0005f4c0    17d3 (0005f4c0)     _AccessProtectionRegs

0005f500    17d4 (0005f500)     _MemoryErrorRegs

0005f540    17d5 (0005f540)     _RomWaitStateRegs

0005f800    17e0 (0005f800)     _Flash0CtrlRegs

0005fb00    17ec (0005fb00)     _Flash0EccRegs

000846a4    211a (00084680)     _PieVectTableInit

000848f6    2123 (000848c0)     _wednesday_stuff_NL_M


GLOBAL SYMBOLS: SORTED ALPHABETICALLY BY Name 

page  address   name                                            
----  -------   ----                                            
0     00080078  .text                                           
0     0008454d  C$$EXIT                                         
0     000814d2  _ADCA1_ISR                                      
0     00081752  _ADCA2_ISR                                      
0     0008175c  _ADCA3_ISR                                      
0     00081766  _ADCA4_ISR                                      
0     00081748  _ADCA_EVT_ISR                                   
0     000814dc  _ADCB1_ISR                                      
0     0008177a  _ADCB2_ISR                                      
0     00081784  _ADCB3_ISR                                      
0     0008178e  _ADCB4_ISR                                      
0     00081770  _ADCB_EVT_ISR                                   
0     000814e6  _ADCC1_ISR                                      
0     000818e2  _ADCC2_ISR                                      
0     000818ec  _ADCC3_ISR                                      
0     000818f6  _ADCC4_ISR                                      
0     000818d8  _ADCC_EVT_ISR                                   
0     00081504  _ADCD1_ISR                                      
0     0008190a  _ADCD2_ISR                                      
0     00081914  _ADCD3_ISR                                      
0     0008191e  _ADCD4_ISR                                      
0     00081900  _ADCD_EVT_ISR                                   
0     0008195a  _AUX_PLL_SLIP_ISR                               
1     0005f4c0  _AccessProtectionRegs                           
1     00007400  _AdcaRegs                                       
1     00000b00  _AdcaResultRegs                                 
1     00007480  _AdcbRegs                                       
1     00000b20  _AdcbResultRegs                                 
1     00007500  _AdccRegs                                       
1     00000b40  _AdccResultRegs                                 
1     00007580  _AdcdRegs                                       
1     00000b60  _AdcdResultRegs                                 
1     0005d180  _AnalogSubsysRegs                               
0     00081dd2  _AuxAuxClkSel                                   
0     00081dbc  _AuxIntOsc2Sel                                  
0     00081dc6  _AuxXtalOscSel                                  
0     00083f99  _BytePacker16bits                               
0     00083f73  _BytePacker32bits                               
0     00083f50  _BytePackerInplace32bits                        
0     00081720  _CANA0_ISR                                      
0     0008172a  _CANA1_ISR                                      
0     00081734  _CANB0_ISR                                      
0     0008173e  _CANB1_ISR                                      
0     00081798  _CLA1_1_ISR                                     
0     000817a2  _CLA1_2_ISR                                     
0     000817ac  _CLA1_3_ISR                                     
0     000817b6  _CLA1_4_ISR                                     
0     000817c0  _CLA1_5_ISR                                     
0     000817ca  _CLA1_6_ISR                                     
0     000817d4  _CLA1_7_ISR                                     
0     000817de  _CLA1_8_ISR                                     
0     00081964  _CLA_OVERFLOW_ISR                               
0     0008196e  _CLA_UNDERFLOW_ISR                              
0     00083d96  _CPU02toCPU01IPC0IntHandler                     
1     00048000  _CanaRegs                                       
1     0004a000  _CanbRegs                                       
1     00001400  _Cla1Regs                                       
1     00003200  _Clb1DataExchRegs                               
1     00003000  _Clb1LogicCfgRegs                               
1     00003100  _Clb1LogicCtrlRegs                              
1     00003600  _Clb2DataExchRegs                               
1     00003400  _Clb2LogicCfgRegs                               
1     00003500  _Clb2LogicCtrlRegs                              
1     00003a00  _Clb3DataExchRegs                               
1     00003800  _Clb3LogicCfgRegs                               
1     00003900  _Clb3LogicCtrlRegs                              
1     00003e00  _Clb4DataExchRegs                               
1     00003c00  _Clb4LogicCfgRegs                               
1     00003d00  _Clb4LogicCtrlRegs                              
1     00007a40  _ClbXbarRegs                                    
1     0005d200  _ClkCfgRegs                                     
1     00005c80  _Cmpss1Regs                                     
1     00005ca0  _Cmpss2Regs                                     
1     00005cc0  _Cmpss3Regs                                     
1     00005ce0  _Cmpss4Regs                                     
1     00005d00  _Cmpss5Regs                                     
1     00005d20  _Cmpss6Regs                                     
1     00005d40  _Cmpss7Regs                                     
1     00005d60  _Cmpss8Regs                                     
0     0008417f  _ConfigCpuTimer                                 
0     00081e26  _ConfigureTMXAnalogTrim                         
1     0005d300  _CpuSysRegs                                     
1     00012708  _CpuTimer0                                      
1     00000c00  _CpuTimer0Regs                                  
1     00012710  _CpuTimer1                                      
1     00000c08  _CpuTimer1Regs                                  
1     00012718  _CpuTimer2                                      
1     00000c10  _CpuTimer2Regs                                  
0     00081d67  _CsmUnlock                                      
0     00081428  _DATALOG_ISR                                    
0     0008166c  _DMA_CH1_ISR                                    
0     00081676  _DMA_CH2_ISR                                    
0     00081680  _DMA_CH3_ISR                                    
0     0008168a  _DMA_CH4_ISR                                    
0     00081694  _DMA_CH5_ISR                                    
0     0008169e  _DMA_CH6_ISR                                    
1     00005c00  _DacaRegs                                       
1     00005c10  _DacbRegs                                       
1     00005c20  _DaccRegs                                       
1     0005f070  _DcsmCommonRegs                                 
1     0005f000  _DcsmZ1Regs                                     
1     0005f040  _DcsmZ2Regs                                     
0     00082c33  _DelayLoop                                      
1     0005d000  _DevCfgRegs                                     
0     00081a7c  _DisableDog                                     
0     00081a3d  _DisablePeripheralClocks                        
1     00007980  _DmaClaSrcSelRegs                               
1     00001000  _DmaRegs                                        
0     000815c2  _ECAP1_ISR                                      
0     000815cc  _ECAP2_ISR                                      
0     000815d6  _ECAP3_ISR                                      
0     000815e0  _ECAP4_ISR                                      
0     000815ea  _ECAP5_ISR                                      
0     000815f4  _ECAP6_ISR                                      
1     00005000  _ECap1Regs                                      
1     00005020  _ECap2Regs                                      
1     00005040  _ECap3Regs                                      
1     00005060  _ECap4Regs                                      
1     00005080  _ECap5Regs                                      
1     000050a0  _ECap6Regs                                      
0     00081928  _EMIF_ERROR_ISR                                 
0     00081982  _EMPTY_ISR                                      
0     0008143c  _EMU_ISR                                        
0     0008187e  _EPWM10_ISR                                     
0     00081856  _EPWM10_TZ_ISR                                  
0     00081888  _EPWM11_ISR                                     
0     00081860  _EPWM11_TZ_ISR                                  
0     00081892  _EPWM12_ISR                                     
0     0008186a  _EPWM12_TZ_ISR                                  
0     00081572  _EPWM1_ISR                                      
0     00081522  _EPWM1_TZ_ISR                                   
0     0008157c  _EPWM2_ISR                                      
0     0008152c  _EPWM2_TZ_ISR                                   
0     00081586  _EPWM3_ISR                                      
0     00081536  _EPWM3_TZ_ISR                                   
0     00081590  _EPWM4_ISR                                      
0     00081540  _EPWM4_TZ_ISR                                   
0     0008159a  _EPWM5_ISR                                      
0     0008154a  _EPWM5_TZ_ISR                                   
0     000815a4  _EPWM6_ISR                                      
0     00081554  _EPWM6_TZ_ISR                                   
0     000815ae  _EPWM7_ISR                                      
0     0008155e  _EPWM7_TZ_ISR                                   
0     000815b8  _EPWM8_ISR                                      
0     00081568  _EPWM8_TZ_ISR                                   
0     00081874  _EPWM9_ISR                                      
0     0008184c  _EPWM9_TZ_ISR                                   
1     00004900  _EPwm10Regs                                     
1     00004a00  _EPwm11Regs                                     
1     00004b00  _EPwm12Regs                                     
1     00004000  _EPwm1Regs                                      
1     00004100  _EPwm2Regs                                      
1     00004200  _EPwm3Regs                                      
1     00004300  _EPwm4Regs                                      
1     00004400  _EPwm5Regs                                      
1     00004500  _EPwm6Regs                                      
1     00004600  _EPwm7Regs                                      
1     00004700  _EPwm8Regs                                      
1     00004800  _EPwm9Regs                                      
1     00007a00  _EPwmXbarRegs                                   
0     000815fe  _EQEP1_ISR                                      
0     00081608  _EQEP2_ISR                                      
0     00081612  _EQEP3_ISR                                      
1     00005100  _EQep1Regs                                      
1     00005140  _EQep2Regs                                      
1     00005180  _EQep3Regs                                      
1     0005f480  _Emif1ConfigRegs                                
1     00047000  _Emif1Regs                                      
1     0005f4a0  _Emif2ConfigRegs                                
1     00047800  _Emif2Regs                                      
0     00084595  _EnableInterrupts                               
1     00012788  _ErrorFlag                                      
0     000080ab  _F28x_usDelay                                   
0     0008193c  _FLASH_CORRECTABLE_ERROR_ISR                    
0     00081810  _FPU_OVERFLOW_ISR                               
0     0008181a  _FPU_UNDERFLOW_ISR                              
1     0005f800  _Flash0CtrlRegs                                 
1     0005fb00  _Flash0EccRegs                                  
0     0000809d  _FlashOff                                       
1     00050024  _FlashPumpSemaphoreRegs                         
0     000830cf  _GPIO_EnableUnbondedIOPullups                   
0     000830aa  _GPIO_EnableUnbondedIOPullupsFor100Pin          
0     00083091  _GPIO_EnableUnbondedIOPullupsFor176Pin          
0     000830e5  _GPIO_ReadPin                                   
0     00083036  _GPIO_SetupLock                                 
0     00082f16  _GPIO_SetupPinMux                               
0     00082fa2  _GPIO_SetupPinOptions                           
0     0008305f  _GPIO_SetupXINT1Gpio                            
0     00083069  _GPIO_SetupXINT2Gpio                            
0     00083073  _GPIO_SetupXINT3Gpio                            
0     0008307d  _GPIO_SetupXINT4Gpio                            
0     00083087  _GPIO_SetupXINT5Gpio                            
0     000844fd  _GPIO_TogglePin                                 
0     000830fc  _GPIO_WritePin                                  
1     0001248d  _GPIO_oneTimeInit                               
1     00007c00  _GpioCtrlRegs                                   
1     00007f00  _GpioDataRegs                                   
0     00081df0  _HALT                                           
0     00081e09  _HIB                                            
0     000816b2  _I2CA_FIFO_ISR                                  
0     000816a8  _I2CA_ISR                                       
0     000816c6  _I2CB_FIFO_ISR                                  
0     000816bc  _I2CB_ISR                                       
1     00007300  _I2caRegs                                       
1     00007340  _I2cbRegs                                       
0     00081ddc  _IDLE                                           
0     00081450  _ILLEGAL_ISR                                    
0     00081824  _IPC0_ISR                                       
0     0008182e  _IPC1_ISR                                       
0     00081838  _IPC2_ISR                                       
0     00081842  _IPC3_ISR                                       
0     000829f2  _IPCLiteLtoRClearBits                           
0     00082a1c  _IPCLiteLtoRClearBits_Protected                 
0     0008297b  _IPCLiteLtoRDataRead                            
0     00082a46  _IPCLiteLtoRDataWrite                           
0     00082a6b  _IPCLiteLtoRDataWrite_Protected                 
0     00082a90  _IPCLiteLtoRFunctionCall                        
0     00082960  _IPCLiteLtoRGetResult                           
0     0008299e  _IPCLiteLtoRSetBits                             
0     000829c8  _IPCLiteLtoRSetBits_Protected                   
0     00082aac  _IPCLiteReqMemAccess                            
0     00082b56  _IPCLiteRtoLClearBits                           
0     00082b86  _IPCLiteRtoLClearBits_Protected                 
0     00082ad0  _IPCLiteRtoLDataRead                            
0     00082bb9  _IPCLiteRtoLDataWrite                           
0     00082be6  _IPCLiteRtoLDataWrite_Protected                 
0     00082c16  _IPCLiteRtoLFunctionCall                        
0     00082af7  _IPCLiteRtoLSetBits                             
0     00082b25  _IPCLiteRtoLSetBits_Protected                   
0     00081c78  _InitAuxPll                                     
0     0008413e  _InitCpuTimers                                  
0     00008074  _InitFlash                                      
0     00082ed6  _InitGpio                                       
0     000819b9  _InitPeripheralClocks                           
0     00084576  _InitPieCtrl                                    
0     0008459e  _InitPieVectTable                               
0     00081999  _InitSysCtrl                                    
0     00081a8a  _InitSysPll                                     
1     00007900  _InputXbarRegs                                  
1     00050000  _IpcRegs                                        
1     000127b0  _IsrOverrun                                     
0     00081644  _MCBSPA_RX_ISR                                  
0     0008164e  _MCBSPA_TX_ISR                                  
0     00081658  _MCBSPB_RX_ISR                                  
0     00081662  _MCBSPB_TX_ISR                                  
1     00012799  _MW_InterruptDisableLock                        
0     000846a3  _MW_RamfuncsLoadEnd                             
abs   0000003f  _MW_RamfuncsLoadSize                            
0     00084664  _MW_RamfuncsLoadStart                           
0     000080b3  _MW_RamfuncsRunEnd                              
abs   0000003f  _MW_RamfuncsRunSize                             
0     00008074  _MW_RamfuncsRunStart                            
1     000127b4  _MW_SCI_PTR                                     
1     00006000  _McbspaRegs                                     
1     00006040  _McbspbRegs                                     
1     0005f400  _MemCfgRegs                                     
1     0005f500  _MemoryErrorRegs                                
0     00081446  _NMI_ISR                                        
0     0008198f  _NOTUSED_ISR                                    
1     00007060  _NmiIntruptRegs                                 
0     000844f2  _OneTimeGpioInit                                
1     00007a80  _OutputXbarRegs                                 
0     00081978  _PIE_RESERVED_ISR                               
1     00000ce0  _PieCtrlRegs                                    
1     00000d00  _PieVectTable                                   
0     000846a4  _PieVectTableInit                               
0     00081946  _RAM_ACCESS_VIOLATION_ISR                       
0     00081932  _RAM_CORRECTABLE_ERROR_ISR                      
0     00081432  _RTOS_ISR                                       
0     00080078  _RamfuncsLoadEnd                                
abs   00000074  _RamfuncsLoadSize                               
0     00080004  _RamfuncsLoadStart                              
0     00008074  _RamfuncsRunEnd                                 
abs   00000074  _RamfuncsRunSize                                
0     00008000  _RamfuncsRunStart                               
0     00081a64  _ReleaseFlashPump                               
1     0005e608  _RomPrefetchRegs                                
1     0005f540  _RomWaitStateRegs                               
0     000816f8  _SCIA_RX_ISR                                    
0     00081702  _SCIA_TX_ISR                                    
0     0008170c  _SCIB_RX_ISR                                    
0     00081716  _SCIB_TX_ISR                                    
0     000816d0  _SCIC_RX_ISR                                    
0     000816da  _SCIC_TX_ISR                                    
0     000816e4  _SCID_RX_ISR                                    
0     000816ee  _SCID_TX_ISR                                    
0     00008000  _SCIRXINT_isr                                   
0     0008189c  _SD1_ISR                                        
0     000818a6  _SD2_ISR                                        
0     0008161c  _SPIA_RX_ISR                                    
0     00081626  _SPIA_TX_ISR                                    
0     00081630  _SPIB_RX_ISR                                    
0     0008163a  _SPIB_TX_ISR                                    
0     000818b0  _SPIC_RX_ISR                                    
0     000818ba  _SPIC_TX_ISR                                    
0     00081de5  _STANDBY                                        
0     00081950  _SYS_PLL_SLIP_ISR                               
1     00007200  _SciaRegs                                       
1     00007210  _ScibRegs                                       
1     00007220  _ScicRegs                                       
1     00007230  _ScidRegs                                       
1     00005e00  _Sdfm1Regs                                      
1     00005e80  _Sdfm2Regs                                      
0     00081a55  _SeizeFlashPump                                 
0     00081a6e  _ServiceDog                                     
0     00084515  _Set_GPIOPin                                    
1     00006100  _SpiaRegs                                       
1     00006110  _SpibRegs                                       
1     00006120  _SpicRegs                                       
1     00007940  _SyncSocRegs                                    
0     000080af  _SysCtl_delay                                   
0     00081d88  _SysIntOsc1Sel                                  
0     00081d98  _SysIntOsc2Sel                                  
0     00081dac  _SysXtalOscSel                                  
0     0008150e  _TIMER0_ISR                                     
0     00081414  _TIMER1_ISR                                     
0     0008141e  _TIMER2_ISR                                     
0     00084438  _TINT0_isr                                      
0     000818c4  _UPPA_ISR                                       
0     000818ce  _USBA_ISR                                       
0     000814b4  _USER10_ISR                                     
0     000814be  _USER11_ISR                                     
0     000814c8  _USER12_ISR                                     
0     0008145a  _USER1_ISR                                      
0     00081464  _USER2_ISR                                      
0     0008146e  _USER3_ISR                                      
0     00081478  _USER4_ISR                                      
0     00081482  _USER5_ISR                                      
0     0008148c  _USER6_ISR                                      
0     00081496  _USER7_ISR                                      
0     000814a0  _USER8_ISR                                      
0     000814aa  _USER9_ISR                                      
1     00006200  _UppRegs                                        
0     00081806  _VCU_ISR                                        
0     00081518  _WAKE_ISR                                       
1     00007000  _WdRegs                                         
0     000814f0  _XINT1_ISR                                      
0     000814fa  _XINT2_ISR                                      
0     000817e8  _XINT3_ISR                                      
0     000817f2  _XINT4_ISR                                      
0     000817fc  _XINT5_ISR                                      
1     00007920  _XbarRegs                                       
1     00007070  _XintRegs                                       
1     00000522  __STACK_END                                     
abs   00000400  __STACK_SIZE                                    
1     00012790  ___TI_cleanup_ptr                               
1     00012792  ___TI_dtors_ptr                                 
1     0001278e  ___TI_enable_exit_profile_output                
abs   ffffffff  ___TI_pprof_out_hndl                            
abs   ffffffff  ___TI_prof_data_size                            
abs   ffffffff  ___TI_prof_data_start                           
abs   ffffffff  ___binit__                                      
abs   ffffffff  ___c_args__                                     
0     00084900  ___cinit__                                      
0     00084662  ___etext__                                      
abs   ffffffff  ___pinit__                                      
0     00080078  ___text__                                       
0     00084624  __args_main                                     
1     0001213e  __lock                                          
0     0008464f  __nop                                           
0     0008464b  __register_lock                                 
0     00084647  __register_unlock                               
1     00000122  __stack                                         
0     00084661  __system_post_cinit                             
0     0008465f  __system_pre_init                               
1     0001273e  __unlock                                        
0     0008454d  _abort                                          
0     00083fe2  _addElement                                     
0     00082c3a  _c2000_flash_init                               
0     00084394  _c_int00                                        
0     0008433c  _ceil                                           
0     0008433c  _ceilf                                          
0     000843ea  _config_QEP_eQEP1                               
0     000844e4  _config_ePWMSyncSource                          
0     000844c0  _config_ePWM_GPIO                               
0     000844d8  _config_ePWM_TBSync                             
0     000841ba  _configureTimer0                                
0     000845c4  _copy_in                                        
0     0000804b  _deleteElement                                  
0     00084207  _disableTimer0Interrupt                         
0     000841fd  _enableTimer0Interrupt                          
0     00083b77  _enable_interrupts_sci                          
0     0008454f  _exit                                           
0     00083999  _extmodeBackgroundRun                           
0     00083952  _extmodeEvent                                   
0     000839df  _extmodeGetEventTriggerEnable                   
0     000839c2  _extmodeGetFinalSimulationTime                  
0     000838a4  _extmodeInit                                    
0     0008389d  _extmodeParseArgs                               
0     000839a1  _extmodeReset                                   
0     000839f9  _extmodeSetEventTriggerEnable                   
0     000839d7  _extmodeSetFinalSimulationTime                  
0     000839be  _extmodeSimulationComplete                      
0     000839ba  _extmodeStartRequested                          
0     000839b6  _extmodeStopRequested                           
0     000838fe  _extmodeWaitForHostRequest                      
0     000842e3  _floor                                          
0     000842e3  _floorf                                         
0     000823e8  _genericOutputPacketHandler                     
0     0008463e  _globalInterruptDisable                         
0     00084636  _globalInterruptEnable                          
0     00083fbc  _initQue                                        
0     00082c53  _initSetGPIOIPC                                 
0     00083bcd  _init_SCI_external_mode                         
0     00084009  _init_board                                     
0     00083fc9  _isEmpty                                        
0     00083fd5  _isFull                                         
1     000127aa  _isRateRunning                                  
0     00083cf3  _main                                           
0     00084607  _memcpy                                         
0     00084658  _memset                                         
1     0001278c  _mwInitEnd                                      
1     0001278a  _mwInitStart                                    
1     000127ad  _need2runFlags                                  
1     00012740  _queRx                                          
0     0008421f  _restoreTimer0Interrupt                         
0     0008447c  _rtGetInf                                       
0     00084495  _rtGetInfF                                      
0     0008449e  _rtGetMinusInf                                  
0     000844b7  _rtGetMinusInfF                                 
[...]
0     00083401  _xcpFrameMsgRecv                                
0     0008348a  _xcpFrameCreateMsg                              
0     000834b8  _xcpFrameExtractPacket                          
0     00083526  _xcpFrameHeaderSize                             
0     00083528  _xcpFrameTailSize                               
0     0008352a  _xcpFrameMaxDtoSize                             
0     0008352e  _xcpFrameMaxCtoSize                             
0     00083530  _xcpFrameRestart                                
0     00083537  _xcpFrameSetCtoReservedMemPoolId                
0     0008353e  _xcpFrameReset                                  
0     0008367b  _xcpExtModeClassicTriggerInit                   
0     0008368a  _xcpExtModeClassicTriggerEnabled                
0     000836cb  _xcpExtModeClassicTriggerReset                  
0     000836eb  _xcpExtModeClassicTriggerForceEnableStatusUpdate
0     0008370a  _xcp_void_printf                                
0     000837a3  _xcpExtModeUpdateTime                           
0     000837aa  _xcpExtModeGetUpdatedTimestamp                  
0     000837b1  _xcpGetTimestamp                                
0     000837c8  _xcpExtModeGetSimulationTime                    
0     000837cf  _xcpExtModeInit                                 
0     000837f7  _xcpExtModeRunBackground                        
0     00083856  _xcpExtModeReset                                
0     0008389d  _extmodeParseArgs                               
0     000838a4  _extmodeInit                                    
0     000838fe  _extmodeWaitForHostRequest                      
0     00083952  _extmodeEvent                                   
0     00083999  _extmodeBackgroundRun                           
0     000839a1  _extmodeReset                                   
0     000839b6  _extmodeStopRequested                           
0     000839ba  _extmodeStartRequested                          
0     000839be  _extmodeSimulationComplete                      
0     000839c2  _extmodeGetFinalSimulationTime                  
0     000839d7  _extmodeSetFinalSimulationTime                  
0     000839df  _extmodeGetEventTriggerEnable                   
0     000839f9  _extmodeSetEventTriggerEnable                   
0     00083a0d  _xcpDrvOpen                                     
0     00083a27  _xcpDrvIoctl                                    
0     00083a3b  _xcpDrvSend                                     
0     00083aaa  _xcpDrvRecv                                     
0     00083b19  _xcpDrvRecvUnknownSize                          
0     00083b5c  _xcpDrvClose                                    
0     00083b77  _enable_interrupts_sci                          
0     00083b86  _rtIOStreamOpen                                 
0     00083ba4  _rtIOStreamClose                                
0     00083baa  _rtIOStreamSend                                 
0     00083bb7  _rtIOStreamRecv                                 
0     00083bcd  _init_SCI_external_mode                         
0     00083c3d  _sci_rcv_external_mode                          
0     00083c7b  _sci_xmit_external_mode                         
0     00083c93  _rt_OneStep                                     
0     00083cf3  _main                                           
0     00083d96  _CPU02toCPU01IPC0IntHandler                     
0     00083f3e  _xcpCalibrationInit                             
0     00083f43  _xcpCalibrationGetPacketLookup                  
0     00083f47  _xcpCalibrationSetPacketLookup                  
0     00083f4f  _xcpCalibrationReset                            
0     00083f50  _BytePackerInplace32bits                        
0     00083f73  _BytePacker32bits                               
0     00083f99  _BytePacker16bits                               
0     00083fbc  _initQue                                        
0     00083fc9  _isEmpty                                        
0     00083fd5  _isFull                                         
0     00083fe2  _addElement                                     
0     00084009  _init_board                                     
0     000840ac  _rt_InitInfAndNaN                               
0     000840d4  _rtIsInf                                        
0     000840ec  _rtIsInfF                                       
0     00084104  _rtIsNaN                                        
0     00084127  _rtIsNaNF                                       
0     0008413e  _InitCpuTimers                                  
0     0008417f  _ConfigCpuTimer                                 
0     000841ba  _configureTimer0                                
0     000841f8  _stopTimer0                                     
0     000841fd  _enableTimer0Interrupt                          
0     00084207  _disableTimer0Interrupt                         
0     0008421f  _restoreTimer0Interrupt                         
0     0008422a  _xcpFifoInit                                    
0     00084233  _xcpFifoEnqueue                                 
0     00084242  _xcpFifoDequeue                                 
0     00084255  _xcpFifoEnqueueHead                             
0     00084264  _xcpFifoSpliceHead                              
0     0008427a  _xcpFifoEmpty                                   
0     00084283  _xcpFifoReset                                   
0     00084289  _xcpSortArray                                   
0     000842e3  _floor                                          
0     000842e3  _floorf                                         
0     0008433c  _ceil                                           
0     0008433c  _ceilf                                          
0     00084394  _c_int00                                        
0     000843ea  _config_QEP_eQEP1                               
0     00084438  _TINT0_isr                                      
0     0008447c  _rtGetInf                                       
0     00084495  _rtGetInfF                                      
0     0008449e  _rtGetMinusInf                                  
0     000844b7  _rtGetMinusInfF                                 
0     000844c0  _config_ePWM_GPIO                               
0     000844d8  _config_ePWM_TBSync                             
0     000844e4  _config_ePWMSyncSource                          
0     000844f2  _OneTimeGpioInit                                
0     000844fd  _GPIO_TogglePin                                 
0     00084515  _Set_GPIOPin                                    
0     00084523  _rtGetNaN                                       
0     0008453c  _rtGetNaNF                                      
0     0008454d  C$$EXIT                                         
0     0008454d  _abort                                          
0     0008454f  _exit                                           
0     00084576  _InitPieCtrl                                    
0     00084595  _EnableInterrupts                               
0     0008459e  _InitPieVectTable                               
0     000845c4  _copy_in                                        
0     000845e8  _xcpExtModeParseArgs                            
0     000845ed  _xcpTransportGetInitParameters                  
0     000845fa  _xcpGetInitParameters                           
0     00084607  _memcpy                                         
0     00084624  __args_main                                     
0     00084636  _globalInterruptEnable                          
0     0008463e  _globalInterruptDisable                         
0     00084647  __register_unlock                               
0     0008464b  __register_lock                                 
0     0008464f  __nop                                           
0     00084658  _memset                                         
0     0008465f  __system_pre_init                               
0     00084661  __system_post_cinit                             
0     00084662  ___etext__                                      
0     00084662  etext                                           
0     00084664  _MW_RamfuncsLoadStart                           
0     000846a3  _MW_RamfuncsLoadEnd                             
0     000846a4  _PieVectTableInit                               
0     000848f6  _wednesday_stuff_NL_M                           
0     00084900  ___cinit__                                      
0     00084900  cinit                                           
1     00000122  __stack                                         
1     00000522  __STACK_END                                     
1     00000b00  _AdcaResultRegs                                 
1     00000b20  _AdcbResultRegs                                 
1     00000b40  _AdccResultRegs                                 
1     00000b60  _AdcdResultRegs                                 
1     00000c00  _CpuTimer0Regs                                  
1     00000c08  _CpuTimer1Regs                                  
1     00000c10  _CpuTimer2Regs                                  
1     00000ce0  _PieCtrlRegs                                    
1     00000d00  _PieVectTable                                   
1     00001000  _DmaRegs                                        
1     00001400  _Cla1Regs                                       
1     00003000  _Clb1LogicCfgRegs                               
1     00003100  _Clb1LogicCtrlRegs                              
1     00003200  _Clb1DataExchRegs                               
1     00003400  _Clb2LogicCfgRegs                               
1     00003500  _Clb2LogicCtrlRegs                              
1     00003600  _Clb2DataExchRegs                               
1     00003800  _Clb3LogicCfgRegs                               
1     00003900  _Clb3LogicCtrlRegs                              
1     00003a00  _Clb3DataExchRegs                               
1     00003c00  _Clb4LogicCfgRegs                               
1     00003d00  _Clb4LogicCtrlRegs                              
1     00003e00  _Clb4DataExchRegs                               
1     00004000  _EPwm1Regs                                      
1     00004100  _EPwm2Regs                                      
1     00004200  _EPwm3Regs                                      
1     00004300  _EPwm4Regs                                      
1     00004400  _EPwm5Regs                                      
1     00004500  _EPwm6Regs                                      
1     00004600  _EPwm7Regs                                      
1     00004700  _EPwm8Regs                                      
1     00004800  _EPwm9Regs                                      
1     00004900  _EPwm10Regs                                     
1     00004a00  _EPwm11Regs                                     
1     00004b00  _EPwm12Regs                                     
1     00005000  _ECap1Regs                                      
1     00005020  _ECap2Regs                                      
1     00005040  _ECap3Regs                                      
1     00005060  _ECap4Regs                                      
1     00005080  _ECap5Regs                                      
1     000050a0  _ECap6Regs                                      
1     00005100  _EQep1Regs                                      
1     00005140  _EQep2Regs                                      
1     00005180  _EQep3Regs                                      
1     00005c00  _DacaRegs                                       
1     00005c10  _DacbRegs                                       
1     00005c20  _DaccRegs                                       
1     00005c80  _Cmpss1Regs                                     
1     00005ca0  _Cmpss2Regs                                     
1     00005cc0  _Cmpss3Regs                                     
1     00005ce0  _Cmpss4Regs                                     
1     00005d00  _Cmpss5Regs                                     
1     00005d20  _Cmpss6Regs                                     
1     00005d40  _Cmpss7Regs                                     
1     00005d60  _Cmpss8Regs                                     
1     00005e00  _Sdfm1Regs                                      
1     00005e80  _Sdfm2Regs                                      
1     00006000  _McbspaRegs                                     
1     00006040  _McbspbRegs                                     
1     00006100  _SpiaRegs                                       
1     00006110  _SpibRegs                                       
1     00006120  _SpicRegs                                       
1     00006200  _UppRegs                                        
1     00007000  _WdRegs                                         
1     00007060  _NmiIntruptRegs                                 
1     00007070  _XintRegs                                       
1     00007200  _SciaRegs                                       
1     00007210  _ScibRegs                                       
1     00007220  _ScicRegs                                       
1     00007230  _ScidRegs                                       
1     00007300  _I2caRegs                                       
1     00007340  _I2cbRegs                                       
1     00007400  _AdcaRegs                                       
1     00007480  _AdcbRegs                                       
1     00007500  _AdccRegs                                       
1     00007580  _AdcdRegs                                       
1     00007900  _InputXbarRegs                                  
1     00007920  _XbarRegs                                       
1     00007940  _SyncSocRegs                                    
1     00007980  _DmaClaSrcSelRegs                               
1     00007a00  _EPwmXbarRegs                                   
1     00007a40  _ClbXbarRegs                                    
1     00007a80  _OutputXbarRegs                                 
1     00007c00  _GpioCtrlRegs                                   
1     00007f00  _GpioDataRegs                                   
1     0000e00a  _wednesday_stuff_NL_B                           
1     0000e100  _wednesday_stuff_NL_DW                          
1     00012132  _rtInf                                          
1     00012134  _rtMinusInf                                     
1     00012136  _rtNaN                                          
1     00012138  _rtInfF                                         
1     0001213a  _rtMinusInfF                                    
1     0001213c  _rtNaNF                                         
1     0001213e  __lock                                          
1     0001248d  _GPIO_oneTimeInit                               
1     0001248e  _xcpModelStartRequest                           
1     0001248f  _xcpModelStopRequest                            
1     00012490  _xcpModelStatus                                 
1     00012491  _xcpExtmodeSimulationComplete                   
1     00012494  _xcpModelChecksum0                              
1     00012496  _xcpModelChecksum1                              
1     00012498  _xcpModelChecksum2                              
1     0001249a  _xcpModelChecksum3                              
1     0001249c  _xcpModelIntegerCode                            
1     0001249e  _xcpExtmodeFinalSimulationTime                  
1     000124a0  _xcpDummyDoubleVariable                         
1     00012640  _wednesday_stuff_NL_P                           
1     00012692  _xcpClassicTriggerEventId                       
1     00012693  _xcpClassicTriggerSignalAddressExtension        
1     00012694  _xcpClassicTriggerDirection                     
1     00012695  _xcpClassicTriggerArmRequest                    
1     00012696  _xcpClassicTriggerCancelRequest                 
1     00012697  _xcpClassicTriggerSource                        
1     00012698  _xcpClassicTriggerMode                          
1     00012699  _xcpClassicTriggerStatus                        
1     000126a0  _xcpClassicTriggerSignalAddress                 
1     000126a2  _xcpClassicTriggerLevel                         
1     000126a4  _xcpClassicTriggerDuration                      
1     000126a6  _xcpClassicTriggerHoldOff                       
1     000126a8  _xcpClassicTriggerDelay                         
1     00012708  _CpuTimer0                                      
1     00012710  _CpuTimer1                                      
1     00012718  _CpuTimer2                                      
1     0001273e  __unlock                                        
1     00012740  _queRx                                          
1     00012788  _ErrorFlag                                      
1     0001278a  _mwInitStart                                    
1     0001278c  _mwInitEnd                                      
1     0001278e  ___TI_enable_exit_profile_output                
1     00012790  ___TI_cleanup_ptr                               
1     00012792  ___TI_dtors_ptr                                 
1     00012799  _MW_InterruptDisableLock                        
1     0001279a  _xcpCurrentSimulationTimeInTicks                
1     000127aa  _isRateRunning                                  
1     000127ad  _need2runFlags                                  
1     000127b0  _IsrOverrun                                     
1     000127b1  _stopRequested                                  
1     000127b2  _runModel                                       
1     000127b4  _MW_SCI_PTR                                     
1     00047000  _Emif1Regs                                      
1     00047800  _Emif2Regs                                      
1     00048000  _CanaRegs                                       
1     0004a000  _CanbRegs                                       
1     00050000  _IpcRegs                                        
1     00050024  _FlashPumpSemaphoreRegs                         
1     0005d000  _DevCfgRegs                                     
1     0005d180  _AnalogSubsysRegs                               
1     0005d200  _ClkCfgRegs                                     
1     0005d300  _CpuSysRegs                                     
1     0005e608  _RomPrefetchRegs                                
1     0005f000  _DcsmZ1Regs                                     
1     0005f040  _DcsmZ2Regs                                     
1     0005f070  _DcsmCommonRegs                                 
1     0005f400  _MemCfgRegs                                     
1     0005f480  _Emif1ConfigRegs                                
1     0005f4a0  _Emif2ConfigRegs                                
1     0005f4c0  _AccessProtectionRegs                           
1     0005f500  _MemoryErrorRegs                                
1     0005f540  _RomWaitStateRegs                               
1     0005f800  _Flash0CtrlRegs                                 
1     0005fb00  _Flash0EccRegs                                  
abs   0000003f  _MW_RamfuncsLoadSize                            
abs   0000003f  _MW_RamfuncsRunSize                             
abs   00000074  _RamfuncsLoadSize                               
abs   00000074  _RamfuncsRunSize                                
abs   00000400  __STACK_SIZE                                    
abs   ffffffff  ___TI_pprof_out_hndl                            
abs   ffffffff  ___TI_prof_data_size                            
abs   ffffffff  ___TI_prof_data_start                           
abs   ffffffff  ___binit__                                      
abs   ffffffff  ___c_args__                                     
abs   ffffffff  ___pinit__                                      
abs   ffffffff  binit                                           
abs   ffffffff  pinit                                           

[608 symbols]
